Archive member included to satisfy reference by file (symbol)

D:/Program Files (x86)/STM32CubeIDE_1.13.2/STM32CubeIDE/plugins/com.st.stm32cube.ide.mcu.externaltools.gnu-tools-for-stm32.13.3.rel1.win32_1.0.0.202411081344/tools/bin/../lib/gcc/arm-none-eabi/13.3.1/../../../../arm-none-eabi/lib/thumb/v6-m/nofp\libc_nano.a(libc_a-exit.o)
                              D:/Program Files (x86)/STM32CubeIDE_1.13.2/STM32CubeIDE/plugins/com.st.stm32cube.ide.mcu.externaltools.gnu-tools-for-stm32.13.3.rel1.win32_1.0.0.202411081344/tools/bin/../lib/gcc/arm-none-eabi/13.3.1/../../../../arm-none-eabi/lib/thumb/v6-m/nofp/crt0.o (exit)
D:/Program Files (x86)/STM32CubeIDE_1.13.2/STM32CubeIDE/plugins/com.st.stm32cube.ide.mcu.externaltools.gnu-tools-for-stm32.13.3.rel1.win32_1.0.0.202411081344/tools/bin/../lib/gcc/arm-none-eabi/13.3.1/../../../../arm-none-eabi/lib/thumb/v6-m/nofp\libc_nano.a(libc_a-findfp.o)
                              D:/Program Files (x86)/STM32CubeIDE_1.13.2/STM32CubeIDE/plugins/com.st.stm32cube.ide.mcu.externaltools.gnu-tools-for-stm32.13.3.rel1.win32_1.0.0.202411081344/tools/bin/../lib/gcc/arm-none-eabi/13.3.1/../../../../arm-none-eabi/lib/thumb/v6-m/nofp\libc_nano.a(libc_a-exit.o) (__stdio_exit_handler)
D:/Program Files (x86)/STM32CubeIDE_1.13.2/STM32CubeIDE/plugins/com.st.stm32cube.ide.mcu.externaltools.gnu-tools-for-stm32.13.3.rel1.win32_1.0.0.202411081344/tools/bin/../lib/gcc/arm-none-eabi/13.3.1/../../../../arm-none-eabi/lib/thumb/v6-m/nofp\libc_nano.a(libc_a-fwalk.o)
                              D:/Program Files (x86)/STM32CubeIDE_1.13.2/STM32CubeIDE/plugins/com.st.stm32cube.ide.mcu.externaltools.gnu-tools-for-stm32.13.3.rel1.win32_1.0.0.202411081344/tools/bin/../lib/gcc/arm-none-eabi/13.3.1/../../../../arm-none-eabi/lib/thumb/v6-m/nofp\libc_nano.a(libc_a-findfp.o) (_fwalk_sglue)
D:/Program Files (x86)/STM32CubeIDE_1.13.2/STM32CubeIDE/plugins/com.st.stm32cube.ide.mcu.externaltools.gnu-tools-for-stm32.13.3.rel1.win32_1.0.0.202411081344/tools/bin/../lib/gcc/arm-none-eabi/13.3.1/../../../../arm-none-eabi/lib/thumb/v6-m/nofp\libc_nano.a(libc_a-sprintf.o)
                              ./Core/Src/main.o (sprintf)
D:/Program Files (x86)/STM32CubeIDE_1.13.2/STM32CubeIDE/plugins/com.st.stm32cube.ide.mcu.externaltools.gnu-tools-for-stm32.13.3.rel1.win32_1.0.0.202411081344/tools/bin/../lib/gcc/arm-none-eabi/13.3.1/../../../../arm-none-eabi/lib/thumb/v6-m/nofp\libc_nano.a(libc_a-sscanf.o)
                              ./Core/Src/main.o (sscanf)
D:/Program Files (x86)/STM32CubeIDE_1.13.2/STM32CubeIDE/plugins/com.st.stm32cube.ide.mcu.externaltools.gnu-tools-for-stm32.13.3.rel1.win32_1.0.0.202411081344/tools/bin/../lib/gcc/arm-none-eabi/13.3.1/../../../../arm-none-eabi/lib/thumb/v6-m/nofp\libc_nano.a(libc_a-stdio.o)
                              D:/Program Files (x86)/STM32CubeIDE_1.13.2/STM32CubeIDE/plugins/com.st.stm32cube.ide.mcu.externaltools.gnu-tools-for-stm32.13.3.rel1.win32_1.0.0.202411081344/tools/bin/../lib/gcc/arm-none-eabi/13.3.1/../../../../arm-none-eabi/lib/thumb/v6-m/nofp\libc_nano.a(libc_a-findfp.o) (__sread)
D:/Program Files (x86)/STM32CubeIDE_1.13.2/STM32CubeIDE/plugins/com.st.stm32cube.ide.mcu.externaltools.gnu-tools-for-stm32.13.3.rel1.win32_1.0.0.202411081344/tools/bin/../lib/gcc/arm-none-eabi/13.3.1/../../../../arm-none-eabi/lib/thumb/v6-m/nofp\libc_nano.a(libc_a-memset.o)
                              D:/Program Files (x86)/STM32CubeIDE_1.13.2/STM32CubeIDE/plugins/com.st.stm32cube.ide.mcu.externaltools.gnu-tools-for-stm32.13.3.rel1.win32_1.0.0.202411081344/tools/bin/../lib/gcc/arm-none-eabi/13.3.1/../../../../arm-none-eabi/lib/thumb/v6-m/nofp/crt0.o (memset)
D:/Program Files (x86)/STM32CubeIDE_1.13.2/STM32CubeIDE/plugins/com.st.stm32cube.ide.mcu.externaltools.gnu-tools-for-stm32.13.3.rel1.win32_1.0.0.202411081344/tools/bin/../lib/gcc/arm-none-eabi/13.3.1/../../../../arm-none-eabi/lib/thumb/v6-m/nofp\libc_nano.a(libc_a-strncmp.o)
                              ./Core/Src/main.o (strncmp)
D:/Program Files (x86)/STM32CubeIDE_1.13.2/STM32CubeIDE/plugins/com.st.stm32cube.ide.mcu.externaltools.gnu-tools-for-stm32.13.3.rel1.win32_1.0.0.202411081344/tools/bin/../lib/gcc/arm-none-eabi/13.3.1/../../../../arm-none-eabi/lib/thumb/v6-m/nofp\libc_nano.a(libc_a-closer.o)
                              D:/Program Files (x86)/STM32CubeIDE_1.13.2/STM32CubeIDE/plugins/com.st.stm32cube.ide.mcu.externaltools.gnu-tools-for-stm32.13.3.rel1.win32_1.0.0.202411081344/tools/bin/../lib/gcc/arm-none-eabi/13.3.1/../../../../arm-none-eabi/lib/thumb/v6-m/nofp\libc_nano.a(libc_a-stdio.o) (_close_r)
D:/Program Files (x86)/STM32CubeIDE_1.13.2/STM32CubeIDE/plugins/com.st.stm32cube.ide.mcu.externaltools.gnu-tools-for-stm32.13.3.rel1.win32_1.0.0.202411081344/tools/bin/../lib/gcc/arm-none-eabi/13.3.1/../../../../arm-none-eabi/lib/thumb/v6-m/nofp\libc_nano.a(libc_a-reent.o)
[...]
Memory Configuration

Name             Origin             Length             Attributes
RAM              0x20000000         0x00002000         xrw
FLASH            0x08000000         0x00008000         xr
*default*        0x00000000         0xffffffff

Linker script and memory map

LOAD D:/Program Files (x86)/STM32CubeIDE_1.13.2/STM32CubeIDE/plugins/com.st.stm32cube.ide.mcu.externaltools.gnu-tools-for-stm32.13.3.rel1.win32_1.0.0.202411081344/tools/bin/../lib/gcc/arm-none-eabi/13.3.1/thumb/v6-m/nofp/crti.o
LOAD D:/Program Files (x86)/STM32CubeIDE_1.13.2/STM32CubeIDE/plugins/com.st.stm32cube.ide.mcu.externaltools.gnu-tools-for-stm32.13.3.rel1.win32_1.0.0.202411081344/tools/bin/../lib/gcc/arm-none-eabi/13.3.1/thumb/v6-m/nofp/crtbegin.o
LOAD D:/Program Files (x86)/STM32CubeIDE_1.13.2/STM32CubeIDE/plugins/com.st.stm32cube.ide.mcu.externaltools.gnu-tools-for-stm32.13.3.rel1.win32_1.0.0.202411081344/tools/bin/../lib/gcc/arm-none-eabi/13.3.1/../../../../arm-none-eabi/lib/thumb/v6-m/nofp/crt0.o
LOAD ./Core/Src/ads1115.o
LOAD ./Core/Src/bsp_w5500.o
LOAD ./Core/Src/flash_config.o
LOAD ./Core/Src/gpio.o
LOAD ./Core/Src/hal.o
LOAD ./Core/Src/i2c.o
LOAD ./Core/Src/main.o
LOAD ./Core/Src/spi.o
LOAD ./Core/Src/stm32g0xx_hal_msp.o
LOAD ./Core/Src/stm32g0xx_it.o
LOAD ./Core/Src/syscalls.o
LOAD ./Core/Src/sysmem.o
LOAD ./Core/Src/system_stm32g0xx.o
LOAD ./Core/Src/tim.o
LOAD ./Core/Src/usart.o
LOAD ./Core/Startup/startup_stm32g030f6px.o
LOAD ./Drivers/STM32G0xx_HAL_Driver/Src/stm32g0xx_hal.o
LOAD ./Drivers/STM32G0xx_HAL_Driver/Src/stm32g0xx_hal_cortex.o
LOAD ./Drivers/STM32G0xx_HAL_Driver/Src/stm32g0xx_hal_dma.o
LOAD ./Drivers/STM32G0xx_HAL_Driver/Src/stm32g0xx_hal_dma_ex.o
LOAD ./Drivers/STM32G0xx_HAL_Driver/Src/stm32g0xx_hal_exti.o
LOAD ./Drivers/STM32G0xx_HAL_Driver/Src/stm32g0xx_hal_flash.o
LOAD ./Drivers/STM32G0xx_HAL_Driver/Src/stm32g0xx_hal_flash_ex.o
LOAD ./Drivers/STM32G0xx_HAL_Driver/Src/stm32g0xx_hal_gpio.o
LOAD ./Drivers/STM32G0xx_HAL_Driver/Src/stm32g0xx_hal_i2c.o
LOAD ./Drivers/STM32G0xx_HAL_Driver/Src/stm32g0xx_hal_i2c_ex.o
LOAD ./Drivers/STM32G0xx_HAL_Driver/Src/stm32g0xx_hal_pwr.o
LOAD ./Drivers/STM32G0xx_HAL_Driver/Src/stm32g0xx_hal_pwr_ex.o
LOAD ./Drivers/STM32G0xx_HAL_Driver/Src/stm32g0xx_hal_rcc.o
LOAD ./Drivers/STM32G0xx_HAL_Driver/Src/stm32g0xx_hal_rcc_ex.o
LOAD ./Drivers/STM32G0xx_HAL_Driver/Src/stm32g0xx_hal_spi.o
LOAD ./Drivers/STM32G0xx_HAL_Driver/Src/stm32g0xx_hal_spi_ex.o
LOAD ./Drivers/STM32G0xx_HAL_Driver/Src/stm32g0xx_hal_tim.o
LOAD ./Drivers/STM32G0xx_HAL_Driver/Src/stm32g0xx_hal_tim_ex.o
LOAD ./Drivers/STM32G0xx_HAL_Driver/Src/stm32g0xx_hal_uart.o
LOAD ./Drivers/STM32G0xx_HAL_Driver/Src/stm32g0xx_hal_uart_ex.o
LOAD ./Drivers/STM32G0xx_HAL_Driver/Src/stm32g0xx_ll_rcc.o
START GROUP
LOAD D:/Program Files (x86)/STM32CubeIDE_1.13.2/STM32CubeIDE/plugins/com.st.stm32cube.ide.mcu.externaltools.gnu-tools-for-stm32.13.3.rel1.win32_1.0.0.202411081344/tools/bin/../lib/gcc/arm-none-eabi/13.3.1/../../../../arm-none-eabi/lib/thumb/v6-m/nofp\libc_nano.a
LOAD D:/Program Files (x86)/STM32CubeIDE_1.13.2/STM32CubeIDE/plugins/com.st.stm32cube.ide.mcu.externaltools.gnu-tools-for-stm32.13.3.rel1.win32_1.0.0.202411081344/tools/bin/../lib/gcc/arm-none-eabi/13.3.1/../../../../arm-none-eabi/lib/thumb/v6-m/nofp\libm.a
END GROUP
START GROUP
LOAD D:/Program Files (x86)/STM32CubeIDE_1.13.2/STM32CubeIDE/plugins/com.st.stm32cube.ide.mcu.externaltools.gnu-tools-for-stm32.13.3.rel1.win32_1.0.0.202411081344/tools/bin/../lib/gcc/arm-none-eabi/13.3.1/thumb/v6-m/nofp\libgcc.a
LOAD D:/Program Files (x86)/STM32CubeIDE_1.13.2/STM32CubeIDE/plugins/com.st.stm32cube.ide.mcu.externaltools.gnu-tools-for-stm32.13.3.rel1.win32_1.0.0.202411081344/tools/bin/../lib/gcc/arm-none-eabi/13.3.1/../../../../arm-none-eabi/lib/thumb/v6-m/nofp\libc_nano.a
END GROUP
START GROUP
LOAD D:/Program Files (x86)/STM32CubeIDE_1.13.2/STM32CubeIDE/plugins/com.st.stm32cube.ide.mcu.externaltools.gnu-tools-for-stm32.13.3.rel1.win32_1.0.0.202411081344/tools/bin/../lib/gcc/arm-none-eabi/13.3.1/thumb/v6-m/nofp\libgcc.a
LOAD D:/Program Files (x86)/STM32CubeIDE_1.13.2/STM32CubeIDE/plugins/com.st.stm32cube.ide.mcu.externaltools.gnu-tools-for-stm32.13.3.rel1.win32_1.0.0.202411081344/tools/bin/../lib/gcc/arm-none-eabi/13.3.1/../../../../arm-none-eabi/lib/thumb/v6-m/nofp\libc_nano.a
LOAD D:/Program Files (x86)/STM32CubeIDE_1.13.2/STM32CubeIDE/plugins/com.st.stm32cube.ide.mcu.externaltools.gnu-tools-for-stm32.13.3.rel1.win32_1.0.0.202411081344/tools/bin/../lib/gcc/arm-none-eabi/13.3.1/../../../../arm-none-eabi/lib/thumb/v6-m/nofp\libnosys.a
END GROUP
START GROUP
LOAD D:/Program Files (x86)/STM32CubeIDE_1.13.2/STM32CubeIDE/plugins/com.st.stm32cube.ide.mcu.externaltools.gnu-tools-for-stm32.13.3.rel1.win32_1.0.0.202411081344/tools/bin/../lib/gcc/arm-none-eabi/13.3.1/thumb/v6-m/nofp\libgcc.a
LOAD D:/Program Files (x86)/STM32CubeIDE_1.13.2/STM32CubeIDE/plugins/com.st.stm32cube.ide.mcu.externaltools.gnu-tools-for-stm32.13.3.rel1.win32_1.0.0.202411081344/tools/bin/../lib/gcc/arm-none-eabi/13.3.1/../../../../arm-none-eabi/lib/thumb/v6-m/nofp\libc_nano.a
LOAD D:/Program Files (x86)/STM32CubeIDE_1.13.2/STM32CubeIDE/plugins/com.st.stm32cube.ide.mcu.externaltools.gnu-tools-for-stm32.13.3.rel1.win32_1.0.0.202411081344/tools/bin/../lib/gcc/arm-none-eabi/13.3.1/../../../../arm-none-eabi/lib/thumb/v6-m/nofp\libnosys.a
END GROUP
LOAD D:/Program Files (x86)/STM32CubeIDE_1.13.2/STM32CubeIDE/plugins/com.st.stm32cube.ide.mcu.externaltools.gnu-tools-for-stm32.13.3.rel1.win32_1.0.0.202411081344/tools/bin/../lib/gcc/arm-none-eabi/13.3.1/thumb/v6-m/nofp/crtend.o
LOAD D:/Program Files (x86)/STM32CubeIDE_1.13.2/STM32CubeIDE/plugins/com.st.stm32cube.ide.mcu.externaltools.gnu-tools-for-stm32.13.3.rel1.win32_1.0.0.202411081344/tools/bin/../lib/gcc/arm-none-eabi/13.3.1/thumb/v6-m/nofp/crtn.o
                0x20002000                        _estack = (ORIGIN (RAM) + LENGTH (RAM))
                0x00000200                        _Min_Heap_Size = 0x200
                0x00000400                        _Min_Stack_Size = 0x400

.isr_vector     0x08000000       0xb8
                0x08000000                        . = ALIGN (0x4)
 *(.isr_vector)
 .isr_vector    0x08000000       0xb8 ./Core/Startup/startup_stm32g030f6px.o
                0x08000000                g_pfnVectors
                0x080000b8                        . = ALIGN (0x4)

.text           0x080000b8     0x5400
                0x080000b8                        . = ALIGN (0x4)
 *(.text)
 .text          0x080000b8       0x48 D:/Program Files (x86)/STM32CubeIDE_1.13.2/STM32CubeIDE/plugins/com.st.stm32cube.ide.mcu.externaltools.gnu-tools-for-stm32.13.3.rel1.win32_1.0.0.202411081344/tools/bin/../lib/gcc/arm-none-eabi/13.3.1/thumb/v6-m/nofp/crtbegin.o
 .text          0x08000100        0xe D:/Program Files (x86)/STM32CubeIDE_1.13.2/STM32CubeIDE/plugins/com.st.stm32cube.ide.mcu.externaltools.gnu-tools-for-stm32.13.3.rel1.win32_1.0.0.202411081344/tools/bin/../lib/gcc/arm-none-eabi/13.3.1/../../../../arm-none-eabi/lib/thumb/v6-m/nofp\libc_nano.a(libc_a-strlen.o)
                0x08000100                strlen
 *fill*         0x0800010e        0x2 
 .text          0x08000110       0x14 D:/Program Files (x86)/STM32CubeIDE_1.13.2/STM32CubeIDE/plugins/com.st.stm32cube.ide.mcu.externaltools.gnu-tools-for-stm32.13.3.rel1.win32_1.0.0.202411081344/tools/bin/../lib/gcc/arm-none-eabi/13.3.1/thumb/v6-m/nofp\libgcc.a(_thumb1_case_uqi.o)
                0x08000110                __gnu_thumb1_case_uqi
 .text          0x08000124       0x14 D:/Program Files (x86)/STM32CubeIDE_1.13.2/STM32CubeIDE/plugins/com.st.stm32cube.ide.mcu.externaltools.gnu-tools-for-stm32.13.3.rel1.win32_1.0.0.202411081344/tools/bin/../lib/gcc/arm-none-eabi/13.3.1/thumb/v6-m/nofp\libgcc.a(_thumb1_case_shi.o)
                0x08000124                __gnu_thumb1_case_shi
 .text          0x08000138      0x114 D:/Program Files (x86)/STM32CubeIDE_1.13.2/STM32CubeIDE/plugins/com.st.stm32cube.ide.mcu.externaltools.gnu-tools-for-stm32.13.3.rel1.win32_1.0.0.202411081344/tools/bin/../lib/gcc/arm-none-eabi/13.3.1/thumb/v6-m/nofp\libgcc.a(_udivsi3.o)
                0x08000138                __aeabi_uidiv
                0x08000138                __udivsi3
                0x08000244                __aeabi_uidivmod
 .text          0x0800024c        0x4 D:/Program Files (x86)/STM32CubeIDE_1.13.2/STM32CubeIDE/plugins/com.st.stm32cube.ide.mcu.externaltools.gnu-tools-for-stm32.13.3.rel1.win32_1.0.0.202411081344/tools/bin/../lib/gcc/arm-none-eabi/13.3.1/thumb/v6-m/nofp\libgcc.a(_dvmd_tls.o)
                0x0800024c                __aeabi_idiv0
                0x0800024c                __aeabi_ldiv0
 *(.text*)
 .text.readChannelData
                0x08000250       0x58 ./Core/Src/ads1115.o
                0x08000250                readChannelData
 .text.resetDevice
                0x080002a8       0x2c ./Core/Src/ads1115.o
                0x080002a8                resetDevice
 .text.adcStartup
                0x080002d4       0x30 ./Core/Src/ads1115.o
                0x080002d4                adcStartup
 .text.W5500_SPI_ReadWriteByte
                0x08000304       0x2c ./Core/Src/bsp_w5500.o
                0x08000304                W5500_SPI_ReadWriteByte
 .text.W5500_SPI_Send_Short
                0x08000330       0x12 ./Core/Src/bsp_w5500.o
                0x08000330                W5500_SPI_Send_Short
 .text.Write_W5500_1Byte
                0x08000342       0x32 ./Core/Src/bsp_w5500.o
                0x08000342                Write_W5500_1Byte
 .text.Write_W5500_2Byte
                0x08000374       0x32 ./Core/Src/bsp_w5500.o
                0x08000374                Write_W5500_2Byte
 .text.Write_W5500_nByte
                0x080003a6       0x3e ./Core/Src/bsp_w5500.o
                0x080003a6                Write_W5500_nByte
 .text.Write_W5500_SOCK_1Byte
                0x080003e4       0x3c ./Core/Src/bsp_w5500.o
                0x080003e4                Write_W5500_SOCK_1Byte
 .text.Write_W5500_SOCK_2Byte
                0x08000420       0x3c ./Core/Src/bsp_w5500.o
                0x08000420                Write_W5500_SOCK_2Byte
 .text.Write_W5500_SOCK_4Byte
                0x0800045c       0x4e ./Core/Src/bsp_w5500.o
                0x0800045c                Write_W5500_SOCK_4Byte
 .text.Read_W5500_1Byte
                0x080004aa       0x34 ./Core/Src/bsp_w5500.o
                0x080004aa                Read_W5500_1Byte
 *fill*         0x080004de        0x2 
 .text.W5500_Hardware_Reset
                0x080004e0       0x34 ./Core/Src/bsp_w5500.o
                0x080004e0                W5500_Hardware_Reset
 .text.Read_W5500_SOCK_2Byte
                0x08000514       0x4a ./Core/Src/bsp_w5500.o
                0x08000514                Read_W5500_SOCK_2Byte
 *fill*         0x0800055e        0x2 
 .text.W5500_Init
                0x08000560       0x7c ./Core/Src/bsp_w5500.o
                0x08000560                W5500_Init
 .text.Socket_Init
                0x080005dc       0x30 ./Core/Src/bsp_w5500.o
                0x080005dc                Socket_Init
 .text.Socket_UDP
                0x0800060c       0x3c ./Core/Src/bsp_w5500.o
                0x0800060c                Socket_UDP
 .text.Write_SOCK_Data_Buffer
                0x08000648       0xf4 ./Core/Src/bsp_w5500.o
                0x08000648                Write_SOCK_Data_Buffer
 .text.Config_Save
                0x0800073c       0x48 ./Core/Src/flash_config.o
                0x0800073c                Config_Save
 .text.Config_Init
                0x08000784       0x88 ./Core/Src/flash_config.o
                0x08000784                Config_Init
 .text.MX_GPIO_Init
                0x0800080c       0x9c ./Core/Src/gpio.o
                0x0800080c                MX_GPIO_Init
 .text.delay_ms
                0x080008a8        0x8 ./Core/Src/hal.o
                0x080008a8                delay_ms
 .text.sendI2CData
                0x080008b0       0x28 ./Core/Src/hal.o
                0x080008b0                sendI2CData
 .text.receiveI2CData
                0x080008d8       0x28 ./Core/Src/hal.o
                0x080008d8                receiveI2CData
 .text.receiveI2CDataNoWrite
                0x08000900       0x28 ./Core/Src/hal.o
                0x08000900                receiveI2CDataNoWrite
 .text.MX_I2C1_Init
                0x08000928       0x5c ./Core/Src/i2c.o
                0x08000928                MX_I2C1_Init
 .text.HAL_I2C_MspInit
                0x08000984       0x84 ./Core/Src/i2c.o
                0x08000984                HAL_I2C_MspInit
 .text.__NVIC_SystemReset
                0x08000a08       0x1c ./Core/Src/main.o
 .text.Uart_Send_String
                0x08000a24       0x1c ./Core/Src/main.o
                0x08000a24                Uart_Send_String
 .text.Print_Current_Config
                0x08000a40       0xf4 ./Core/Src/main.o
                0x08000a40                Print_Current_Config
 .text.Process_Uart_Command
                0x08000b34      0x12c ./Core/Src/main.o
                0x08000b34                Process_Uart_Command
 .text.HAL_UART_RxCpltCallback
                0x08000c60       0x58 ./Core/Src/main.o
                0x08000c60                HAL_UART_RxCpltCallback
 .text.Generate_MAC_From_UID
                0x08000cb8       0x28 ./Core/Src/main.o
                0x08000cb8                Generate_MAC_From_UID
 .text.Calc_Checksum
                0x08000ce0       0x1a ./Core/Src/main.o
                0x08000ce0                Calc_Checksum
 .text.SystemClock_Config
                0x08000cfa       0x74 ./Core/Src/main.o
                0x08000cfa                SystemClock_Config
 *fill*         0x08000d6e        0x2 
 .text.startup.main
                0x08000d70      0x1a4 ./Core/Src/main.o
                0x08000d70                main
 .text.HAL_TIM_PeriodElapsedCallback
                0x08000f14       0x18 ./Core/Src/main.o
                0x08000f14                HAL_TIM_PeriodElapsedCallback
 .text.Error_Handler
                0x08000f2c        0x4 ./Core/Src/main.o
                0x08000f2c                Error_Handler
 .text.MX_SPI1_Init
                0x08000f30       0x4c ./Core/Src/spi.o
                0x08000f30                MX_SPI1_Init
 .text.HAL_SPI_MspInit
                0x08000f7c       0x5c ./Core/Src/spi.o
                0x08000f7c                HAL_SPI_MspInit
 .text.HAL_MspInit
                0x08000fd8       0x30 ./Core/Src/stm32g0xx_hal_msp.o
                0x08000fd8                HAL_MspInit
 .text.NMI_Handler
                0x08001008        0x2 ./Core/Src/stm32g0xx_it.o
                0x08001008                NMI_Handler
 .text.HardFault_Handler
                0x0800100a        0x2 ./Core/Src/stm32g0xx_it.o
                0x0800100a                HardFault_Handler
 .text.SVC_Handler
                0x0800100c        0x2 ./Core/Src/stm32g0xx_it.o
                0x0800100c                SVC_Handler
 .text.PendSV_Handler
                0x0800100e        0x2 ./Core/Src/stm32g0xx_it.o
                0x0800100e                PendSV_Handler
 .text.SysTick_Handler
                0x08001010        0x8 ./Core/Src/stm32g0xx_it.o
                0x08001010                SysTick_Handler
 .text.TIM3_IRQHandler
                0x08001018       0x10 ./Core/Src/stm32g0xx_it.o
                0x08001018                TIM3_IRQHandler
 .text.USART2_IRQHandler
                0x08001028       0x10 ./Core/Src/stm32g0xx_it.o
                0x08001028                USART2_IRQHandler
 .text._sbrk    0x08001038       0x40 ./Core/Src/sysmem.o
                0x08001038                _sbrk
 .text.SystemInit
                0x08001078        0x2 ./Core/Src/system_stm32g0xx.o
                0x08001078                SystemInit
 *fill*         0x0800107a        0x2 
 .text.MX_TIM3_Init
                0x0800107c       0x7c ./Core/Src/tim.o
                0x0800107c                MX_TIM3_Init
 .text.HAL_TIM_Base_MspInit
                0x080010f8       0x38 ./Core/Src/tim.o
                0x080010f8                HAL_TIM_Base_MspInit
 .text.MX_USART2_UART_Init
                0x08001130       0x3c ./Core/Src/usart.o
                0x08001130                MX_USART2_UART_Init
 .text.HAL_UART_MspInit
                0x0800116c       0x6c ./Core/Src/usart.o
                0x0800116c                HAL_UART_MspInit
 .text.Reset_Handler
                0x080011d8       0x50 ./Core/Startup/startup_stm32g030f6px.o
                0x080011d8                Reset_Handler
 .text.Default_Handler
                0x08001228        0x2 ./Core/Startup/startup_stm32g030f6px.o
                0x08001228                TIM1_CC_IRQHandler
                0x08001228                I2C1_IRQHandler
                0x08001228                RTC_TAMP_IRQHandler
                0x08001228                SPI1_IRQHandler
                0x08001228                DMA1_Ch4_5_DMAMUX1_OVR_IRQHandler
                0x08001228                EXTI2_3_IRQHandler
                0x08001228                ADC1_IRQHandler
                0x08001228                I2C2_IRQHandler
                0x08001228                TIM17_IRQHandler
                0x08001228                TIM16_IRQHandler
                0x08001228                EXTI4_15_IRQHandler
                0x08001228                RCC_IRQHandler
                0x08001228                DMA1_Channel1_IRQHandler
                0x08001228                Default_Handler
                0x08001228                TIM14_IRQHandler
                0x08001228                EXTI0_1_IRQHandler
                0x08001228                SPI2_IRQHandler
                0x08001228                WWDG_IRQHandler
                0x08001228                DMA1_Channel2_3_IRQHandler
                0x08001228                FLASH_IRQHandler
                0x08001228                USART1_IRQHandler
                0x08001228                TIM1_BRK_UP_TRG_COM_IRQHandler
 *fill*         0x0800122a        0x2 
 .text.HAL_InitTick
                0x0800122c       0x50 ./Drivers/STM32G0xx_HAL_Driver/Src/stm32g0xx_hal.o
                0x0800122c                HAL_InitTick
 .text.HAL_Init
                0x0800127c       0x28 ./Drivers/STM32G0xx_HAL_Driver/Src/stm32g0xx_hal.o
                0x0800127c                HAL_Init
 .text.HAL_IncTick
                0x080012a4       0x18 ./Drivers/STM32G0xx_HAL_Driver/Src/stm32g0xx_hal.o
                0x080012a4                HAL_IncTick
 .text.HAL_GetTick
                0x080012bc        0xc ./Drivers/STM32G0xx_HAL_Driver/Src/stm32g0xx_hal.o
                0x080012bc                HAL_GetTick
 .text.HAL_Delay
                0x080012c8       0x24 ./Drivers/STM32G0xx_HAL_Driver/Src/stm32g0xx_hal.o
                0x080012c8                HAL_Delay
 .text.HAL_NVIC_SetPriority
                0x080012ec       0x54 ./Drivers/STM32G0xx_HAL_Driver/Src/stm32g0xx_hal_cortex.o
                0x080012ec                HAL_NVIC_SetPriority
 .text.HAL_NVIC_EnableIRQ
                0x08001340       0x18 ./Drivers/STM32G0xx_HAL_Driver/Src/stm32g0xx_hal_cortex.o
                0x08001340                HAL_NVIC_EnableIRQ
 .text.HAL_SYSTICK_Config
                0x08001358       0x34 ./Drivers/STM32G0xx_HAL_Driver/Src/stm32g0xx_hal_cortex.o
                0x08001358                HAL_SYSTICK_Config
 .text.HAL_DMA_Abort
                0x0800138c       0x74 ./Drivers/STM32G0xx_HAL_Driver/Src/stm32g0xx_hal_dma.o
                0x0800138c                HAL_DMA_Abort
 .text.HAL_DMA_Abort_IT
                0x08001400       0x74 ./Drivers/STM32G0xx_HAL_Driver/Src/stm32g0xx_hal_dma.o
                0x08001400                HAL_DMA_Abort_IT
 .text.HAL_FLASH_Unlock
                0x08001474       0x24 ./Drivers/STM32G0xx_HAL_Driver/Src/stm32g0xx_hal_flash.o
                0x08001474                HAL_FLASH_Unlock
 .text.FLASH_WaitForLastOperation
                0x08001498       0x70 ./Drivers/STM32G0xx_HAL_Driver/Src/stm32g0xx_hal_flash.o
                0x08001498                FLASH_WaitForLastOperation
 .text.HAL_FLASH_Program
                0x08001508       0x68 ./Drivers/STM32G0xx_HAL_Driver/Src/stm32g0xx_hal_flash.o
                0x08001508                HAL_FLASH_Program
 .text.HAL_FLASH_Lock
                0x08001570       0x24 ./Drivers/STM32G0xx_HAL_Driver/Src/stm32g0xx_hal_flash.o
                0x08001570                HAL_FLASH_Lock
 .text.FLASH_PageErase
                0x08001594       0x20 ./Drivers/STM32G0xx_HAL_Driver/Src/stm32g0xx_hal_flash_ex.o
                0x08001594                FLASH_PageErase
 .text.HAL_FLASHEx_Erase
                0x080015b4       0x94 ./Drivers/STM32G0xx_HAL_Driver/Src/stm32g0xx_hal_flash_ex.o
                0x080015b4                HAL_FLASHEx_Erase
 .text.HAL_GPIO_Init
                0x08001648      0x164 ./Drivers/STM32G0xx_HAL_Driver/Src/stm32g0xx_hal_gpio.o
                0x08001648                HAL_GPIO_Init
 .text.HAL_GPIO_ReadPin
                0x080017ac        0xc ./Drivers/STM32G0xx_HAL_Driver/Src/stm32g0xx_hal_gpio.o
                0x080017ac                HAL_GPIO_ReadPin
 .text.HAL_GPIO_WritePin
                0x080017b8        0xc ./Drivers/STM32G0xx_HAL_Driver/Src/stm32g0xx_hal_gpio.o
                0x080017b8                HAL_GPIO_WritePin
 .text.HAL_GPIO_TogglePin
                0x080017c4       0x10 ./Drivers/STM32G0xx_HAL_Driver/Src/stm32g0xx_hal_gpio.o
                0x080017c4                HAL_GPIO_TogglePin
 .text.I2C_Flush_TXDR
                0x080017d4       0x1c ./Drivers/STM32G0xx_HAL_Driver/Src/stm32g0xx_hal_i2c.o
 .text.I2C_TransferConfig
                0x080017f0       0x2c ./Drivers/STM32G0xx_HAL_Driver/Src/stm32g0xx_hal_i2c.o
 .text.I2C_IsErrorOccurred
                0x0800181c       0xfc ./Drivers/STM32G0xx_HAL_Driver/Src/stm32g0xx_hal_i2c.o
 .text.I2C_WaitOnTXISFlagUntilTimeout
                0x08001918       0x5c ./Drivers/STM32G0xx_HAL_Driver/Src/stm32g0xx_hal_i2c.o
 .text.I2C_WaitOnFlagUntilTimeout
                0x08001974       0x6e ./Drivers/STM32G0xx_HAL_Driver/Src/stm32g0xx_hal_i2c.o
 .text.I2C_WaitOnSTOPFlagUntilTimeout
                0x080019e2       0x54 ./Drivers/STM32G0xx_HAL_Driver/Src/stm32g0xx_hal_i2c.o
 *fill*         0x08001a36        0x2 
 .text.I2C_WaitOnRXNEFlagUntilTimeout
                0x08001a38       0xa0 ./Drivers/STM32G0xx_HAL_Driver/Src/stm32g0xx_hal_i2c.o
 .text.HAL_I2C_Init
                0x08001ad8       0xbc ./Drivers/STM32G0xx_HAL_Driver/Src/stm32g0xx_hal_i2c.o
                0x08001ad8                HAL_I2C_Init
 .text.HAL_I2C_Master_Receive
                0x08001b94      0x11c ./Drivers/STM32G0xx_HAL_Driver/Src/stm32g0xx_hal_i2c.o
                0x08001b94                HAL_I2C_Master_Receive
 .text.HAL_I2C_Mem_Write
                0x08001cb0      0x1b4 ./Drivers/STM32G0xx_HAL_Driver/Src/stm32g0xx_hal_i2c.o
                0x08001cb0                HAL_I2C_Mem_Write
 .text.HAL_I2C_Mem_Read
                0x08001e64      0x1bc ./Drivers/STM32G0xx_HAL_Driver/Src/stm32g0xx_hal_i2c.o
                0x08001e64                HAL_I2C_Mem_Read
 .text.HAL_I2CEx_ConfigAnalogFilter
                0x08002020       0x4c ./Drivers/STM32G0xx_HAL_Driver/Src/stm32g0xx_hal_i2c_ex.o
                0x08002020                HAL_I2CEx_ConfigAnalogFilter
 .text.HAL_I2CEx_ConfigDigitalFilter
                0x0800206c       0x48 ./Drivers/STM32G0xx_HAL_Driver/Src/stm32g0xx_hal_i2c_ex.o
                0x0800206c                HAL_I2CEx_ConfigDigitalFilter
 .text.HAL_PWREx_ControlVoltageScaling
                0x080020b4       0x58 ./Drivers/STM32G0xx_HAL_Driver/Src/stm32g0xx_hal_pwr_ex.o
                0x080020b4                HAL_PWREx_ControlVoltageScaling
 .text.HAL_RCC_OscConfig
                0x0800210c      0x438 ./Drivers/STM32G0xx_HAL_Driver/Src/stm32g0xx_hal_rcc.o
                0x0800210c                HAL_RCC_OscConfig
 .text.HAL_RCC_GetSysClockFreq
                0x08002544       0x88 ./Drivers/STM32G0xx_HAL_Driver/Src/stm32g0xx_hal_rcc.o
                0x08002544                HAL_RCC_GetSysClockFreq
 .text.HAL_RCC_ClockConfig
                0x080025cc      0x154 ./Drivers/STM32G0xx_HAL_Driver/Src/stm32g0xx_hal_rcc.o
                0x080025cc                HAL_RCC_ClockConfig
 .text.HAL_RCC_GetPCLK1Freq
                0x08002720       0x28 ./Drivers/STM32G0xx_HAL_Driver/Src/stm32g0xx_hal_rcc.o
                0x08002720                HAL_RCC_GetPCLK1Freq
 .text.HAL_RCCEx_PeriphCLKConfig
                0x08002748      0x154 ./Drivers/STM32G0xx_HAL_Driver/Src/stm32g0xx_hal_rcc_ex.o
                0x08002748                HAL_RCCEx_PeriphCLKConfig
 .text.SPI_WaitFlagStateUntilTimeout.constprop.0
                0x0800289c       0xb8 ./Drivers/STM32G0xx_HAL_Driver/Src/stm32g0xx_hal_spi.o
 .text.SPI_WaitFifoStateUntilTimeout.constprop.0
                0x08002954       0xd8 ./Drivers/STM32G0xx_HAL_Driver/Src/stm32g0xx_hal_spi.o
 .text.SPI_EndRxTxTransaction
                0x08002a2c       0x46 ./Drivers/STM32G0xx_HAL_Driver/Src/stm32g0xx_hal_spi.o
 *fill*         0x08002a72        0x2 
 .text.HAL_SPI_Init
                0x08002a74       0xf0 ./Drivers/STM32G0xx_HAL_Driver/Src/stm32g0xx_hal_spi.o
                0x08002a74                HAL_SPI_Init
 .text.HAL_SPI_TransmitReceive
                0x08002b64      0x22c ./Drivers/STM32G0xx_HAL_Driver/Src/stm32g0xx_hal_spi.o
                0x08002b64                HAL_SPI_TransmitReceive
 .text.TIM_TI1_ConfigInputStage
                0x08002d90       0x4c ./Drivers/STM32G0xx_HAL_Driver/Src/stm32g0xx_hal_tim.o
 .text.TIM_TI2_ConfigInputStage
                0x08002ddc       0x3c ./Drivers/STM32G0xx_HAL_Driver/Src/stm32g0xx_hal_tim.o
 .text.HAL_TIM_Base_Start_IT
                0x08002e18       0x58 ./Drivers/STM32G0xx_HAL_Driver/Src/stm32g0xx_hal_tim.o
                0x08002e18                HAL_TIM_Base_Start_IT
 .text.HAL_TIM_OC_DelayElapsedCallback
                0x08002e70        0x2 ./Drivers/STM32G0xx_HAL_Driver/Src/stm32g0xx_hal_tim.o
                0x08002e70                HAL_TIM_OC_DelayElapsedCallback
 .text.HAL_TIM_IC_CaptureCallback
                0x08002e72        0x2 ./Drivers/STM32G0xx_HAL_Driver/Src/stm32g0xx_hal_tim.o
                0x08002e72                HAL_TIM_IC_CaptureCallback
 .text.HAL_TIM_PWM_PulseFinishedCallback
                0x08002e74        0x2 ./Drivers/STM32G0xx_HAL_Driver/Src/stm32g0xx_hal_tim.o
                0x08002e74                HAL_TIM_PWM_PulseFinishedCallback
 .text.HAL_TIM_TriggerCallback
                0x08002e76        0x2 ./Drivers/STM32G0xx_HAL_Driver/Src/stm32g0xx_hal_tim.o
                0x08002e76                HAL_TIM_TriggerCallback
 .text.HAL_TIM_IRQHandler
                0x08002e78      0x158 ./Drivers/STM32G0xx_HAL_Driver/Src/stm32g0xx_hal_tim.o
                0x08002e78                HAL_TIM_IRQHandler
 .text.TIM_Base_SetConfig
                0x08002fd0       0x88 ./Drivers/STM32G0xx_HAL_Driver/Src/stm32g0xx_hal_tim.o
                0x08002fd0                TIM_Base_SetConfig
 .text.HAL_TIM_Base_Init
                0x08003058       0x54 ./Drivers/STM32G0xx_HAL_Driver/Src/stm32g0xx_hal_tim.o
                0x08003058                HAL_TIM_Base_Init
 .text.TIM_ETR_SetConfig
                0x080030ac       0x18 ./Drivers/STM32G0xx_HAL_Driver/Src/stm32g0xx_hal_tim.o
                0x080030ac                TIM_ETR_SetConfig
 .text.HAL_TIM_ConfigClockSource
                0x080030c4       0xe4 ./Drivers/STM32G0xx_HAL_Driver/Src/stm32g0xx_hal_tim.o
                0x080030c4                HAL_TIM_ConfigClockSource
 .text.HAL_TIMEx_MasterConfigSynchronization
                0x080031a8       0x60 ./Drivers/STM32G0xx_HAL_Driver/Src/stm32g0xx_hal_tim_ex.o
                0x080031a8                HAL_TIMEx_MasterConfigSynchronization
 .text.HAL_TIMEx_CommutCallback
                0x08003208        0x2 ./Drivers/STM32G0xx_HAL_Driver/Src/stm32g0xx_hal_tim_ex.o
                0x08003208                HAL_TIMEx_CommutCallback
 .text.HAL_TIMEx_BreakCallback
                0x0800320a        0x2 ./Drivers/STM32G0xx_HAL_Driver/Src/stm32g0xx_hal_tim_ex.o
                0x0800320a                HAL_TIMEx_BreakCallback
 .text.HAL_TIMEx_Break2Callback
                0x0800320c        0x2 ./Drivers/STM32G0xx_HAL_Driver/Src/stm32g0xx_hal_tim_ex.o
                0x0800320c                HAL_TIMEx_Break2Callback
 *fill*         0x0800320e        0x2 
 .text.UART_EndRxTransfer
                0x08003210       0x64 ./Drivers/STM32G0xx_HAL_Driver/Src/stm32g0xx_hal_uart.o
 .text.HAL_UART_TxCpltCallback
                0x08003274        0x2 ./Drivers/STM32G0xx_HAL_Driver/Src/stm32g0xx_hal_uart.o
                0x08003274                HAL_UART_TxCpltCallback
 .text.HAL_UART_ErrorCallback
                0x08003276        0x2 ./Drivers/STM32G0xx_HAL_Driver/Src/stm32g0xx_hal_uart.o
                0x08003276                HAL_UART_ErrorCallback
 .text.UART_DMAAbortOnError
                0x08003278        0xa ./Drivers/STM32G0xx_HAL_Driver/Src/stm32g0xx_hal_uart.o
 .text.HAL_UARTEx_RxEventCallback
                0x08003282        0x2 ./Drivers/STM32G0xx_HAL_Driver/Src/stm32g0xx_hal_uart.o
                0x08003282                HAL_UARTEx_RxEventCallback
 .text.HAL_UART_IRQHandler
                0x08003284      0x344 ./Drivers/STM32G0xx_HAL_Driver/Src/stm32g0xx_hal_uart.o
                0x08003284                HAL_UART_IRQHandler
 .text.UART_RxISR_8BIT
                0x080035c8       0xd8 ./Drivers/STM32G0xx_HAL_Driver/Src/stm32g0xx_hal_uart.o
 .text.UART_RxISR_16BIT
                0x080036a0       0xd4 ./Drivers/STM32G0xx_HAL_Driver/Src/stm32g0xx_hal_uart.o
 .text.UART_RxISR_8BIT_FIFOEN
                0x08003774      0x1cc ./Drivers/STM32G0xx_HAL_Driver/Src/stm32g0xx_hal_uart.o
 .text.UART_RxISR_16BIT_FIFOEN
                0x08003940      0x1c8 ./Drivers/STM32G0xx_HAL_Driver/Src/stm32g0xx_hal_uart.o
 .text.UART_SetConfig
                0x08003b08      0x168 ./Drivers/STM32G0xx_HAL_Driver/Src/stm32g0xx_hal_uart.o
                0x08003b08                UART_SetConfig
 .text.UART_AdvFeatureConfig
                0x08003c70       0xd0 ./Drivers/STM32G0xx_HAL_Driver/Src/stm32g0xx_hal_uart.o
                0x08003c70                UART_AdvFeatureConfig
 .text.UART_WaitOnFlagUntilTimeout
                0x08003d40       0x92 ./Drivers/STM32G0xx_HAL_Driver/Src/stm32g0xx_hal_uart.o
                0x08003d40                UART_WaitOnFlagUntilTimeout
 .text.HAL_UART_Transmit
                0x08003dd2       0xe2 ./Drivers/STM32G0xx_HAL_Driver/Src/stm32g0xx_hal_uart.o
                0x08003dd2                HAL_UART_Transmit
 .text.UART_CheckIdleState
                0x08003eb4       0xc8 ./Drivers/STM32G0xx_HAL_Driver/Src/stm32g0xx_hal_uart.o
                0x08003eb4                UART_CheckIdleState
 .text.HAL_UART_Init
                0x08003f7c       0x68 ./Drivers/STM32G0xx_HAL_Driver/Src/stm32g0xx_hal_uart.o
                0x08003f7c                HAL_UART_Init
 .text.UART_Start_Receive_IT
                0x08003fe4      0x134 ./Drivers/STM32G0xx_HAL_Driver/Src/stm32g0xx_hal_uart.o
                0x08003fe4                UART_Start_Receive_IT
 .text.HAL_UART_Receive_IT
                0x08004118       0x5c ./Drivers/STM32G0xx_HAL_Driver/Src/stm32g0xx_hal_uart.o
                0x08004118                HAL_UART_Receive_IT
 .text.HAL_UARTEx_WakeupCallback
                0x08004174        0x2 ./Drivers/STM32G0xx_HAL_Driver/Src/stm32g0xx_hal_uart_ex.o
                0x08004174                HAL_UARTEx_WakeupCallback
 .text.HAL_UARTEx_RxFifoFullCallback
                0x08004176        0x2 ./Drivers/STM32G0xx_HAL_Driver/Src/stm32g0xx_hal_uart_ex.o
                0x08004176                HAL_UARTEx_RxFifoFullCallback
 .text.HAL_UARTEx_TxFifoEmptyCallback
                0x08004178        0x2 ./Drivers/STM32G0xx_HAL_Driver/Src/stm32g0xx_hal_uart_ex.o
                0x08004178                HAL_UARTEx_TxFifoEmptyCallback
 *fill*         0x0800417a        0x2 
 .text.sprintf  0x0800417c       0x44 D:/Program Files (x86)/STM32CubeIDE_1.13.2/STM32CubeIDE/plugins/com.st.stm32cube.ide.mcu.externaltools.gnu-tools-for-stm32.13.3.rel1.win32_1.0.0.202411081344/tools/bin/../lib/gcc/arm-none-eabi/13.3.1/../../../../arm-none-eabi/lib/thumb/v6-m/nofp\libc_nano.a(libc_a-sprintf.o)
                0x0800417c                siprintf
                0x0800417c                sprintf
 .text.sscanf   0x080041c0       0x54 D:/Program Files (x86)/STM32CubeIDE_1.13.2/STM32CubeIDE/plugins/com.st.stm32cube.ide.mcu.externaltools.gnu-tools-for-stm32.13.3.rel1.win32_1.0.0.202411081344/tools/bin/../lib/gcc/arm-none-eabi/13.3.1/../../../../arm-none-eabi/lib/thumb/v6-m/nofp\libc_nano.a(libc_a-sscanf.o)
                0x080041c0                siscanf
                0x080041c0                sscanf
 .text.__seofread
                0x08004214        0x4 D:/Program Files (x86)/STM32CubeIDE_1.13.2/STM32CubeIDE/plugins/com.st.stm32cube.ide.mcu.externaltools.gnu-tools-for-stm32.13.3.rel1.win32_1.0.0.202411081344/tools/bin/../lib/gcc/arm-none-eabi/13.3.1/../../../../arm-none-eabi/lib/thumb/v6-m/nofp\libc_nano.a(libc_a-stdio.o)
                0x08004214                __seofread
 .text.memset   0x08004218       0x10 D:/Program Files (x86)/STM32CubeIDE_1.13.2/STM32CubeIDE/plugins/com.st.stm32cube.ide.mcu.externaltools.gnu-tools-for-stm32.13.3.rel1.win32_1.0.0.202411081344/tools/bin/../lib/gcc/arm-none-eabi/13.3.1/../../../../arm-none-eabi/lib/thumb/v6-m/nofp\libc_nano.a(libc_a-memset.o)
                0x08004218                memset
 .text.strncmp  0x08004228       0x22 D:/Program Files (x86)/STM32CubeIDE_1.13.2/STM32CubeIDE/plugins/com.st.stm32cube.ide.mcu.externaltools.gnu-tools-for-stm32.13.3.rel1.win32_1.0.0.202411081344/tools/bin/../lib/gcc/arm-none-eabi/13.3.1/../../../../arm-none-eabi/lib/thumb/v6-m/nofp\libc_nano.a(libc_a-strncmp.o)
                0x08004228                strncmp
 *fill*         0x0800424a        0x2 
 .text.__errno  0x0800424c        0xc D:/Program Files (x86)/STM32CubeIDE_1.13.2/STM32CubeIDE/plugins/com.st.stm32cube.ide.mcu.externaltools.gnu-tools-for-stm32.13.3.rel1.win32_1.0.0.202411081344/tools/bin/../lib/gcc/arm-none-eabi/13.3.1/../../../../arm-none-eabi/lib/thumb/v6-m/nofp\libc_nano.a(libc_a-errno.o)
                0x0800424c                __errno
 .text.__libc_init_array
                0x08004258       0x48 D:/Program Files (x86)/STM32CubeIDE_1.13.2/STM32CubeIDE/plugins/com.st.stm32cube.ide.mcu.externaltools.gnu-tools-for-stm32.13.3.rel1.win32_1.0.0.202411081344/tools/bin/../lib/gcc/arm-none-eabi/13.3.1/../../../../arm-none-eabi/lib/thumb/v6-m/nofp\libc_nano.a(libc_a-init.o)
                0x08004258                __libc_init_array
 .text.__retarget_lock_acquire_recursive
                0x080042a0        0x2 D:/Program Files (x86)/STM32CubeIDE_1.13.2/STM32CubeIDE/plugins/com.st.stm32cube.ide.mcu.externaltools.gnu-tools-for-stm32.13.3.rel1.win32_1.0.0.202411081344/tools/bin/../lib/gcc/arm-none-eabi/13.3.1/../../../../arm-none-eabi/lib/thumb/v6-m/nofp\libc_nano.a(libc_a-lock.o)
                0x080042a0                __retarget_lock_acquire_recursive
 .text.__retarget_lock_release_recursive
                0x080042a2        0x2 D:/Program Files (x86)/STM32CubeIDE_1.13.2/STM32CubeIDE/plugins/com.st.stm32cube.ide.mcu.externaltools.gnu-tools-for-stm32.13.3.rel1.win32_1.0.0.202411081344/tools/bin/../lib/gcc/arm-none-eabi/13.3.1/../../../../arm-none-eabi/lib/thumb/v6-m/nofp\libc_nano.a(libc_a-lock.o)
                0x080042a2                __retarget_lock_release_recursive
 .text.memcpy   0x080042a4       0x12 D:/Program Files (x86)/STM32CubeIDE_1.13.2/STM32CubeIDE/plugins/com.st.stm32cube.ide.mcu.externaltools.gnu-tools-for-stm32.13.3.rel1.win32_1.0.0.202411081344/tools/bin/../lib/gcc/arm-none-eabi/13.3.1/../../../../arm-none-eabi/lib/thumb/v6-m/nofp\libc_nano.a(libc_a-memcpy-stub.o)
                0x080042a4                memcpy
 *fill*         0x080042b6        0x2 
 .text._free_r  0x080042b8       0x94 D:/Program Files (x86)/STM32CubeIDE_1.13.2/STM32CubeIDE/plugins/com.st.stm32cube.ide.mcu.externaltools.gnu-tools-for-stm32.13.3.rel1.win32_1.0.0.202411081344/tools/bin/../lib/gcc/arm-none-eabi/13.3.1/../../../../arm-none-eabi/lib/thumb/v6-m/nofp\libc_nano.a(libc_a-freer.o)
                0x080042b8                _free_r
 .text.sbrk_aligned
                0x0800434c       0x44 D:/Program Files (x86)/STM32CubeIDE_1.13.2/STM32CubeIDE/plugins/com.st.stm32cube.ide.mcu.externaltools.gnu-tools-for-stm32.13.3.rel1.win32_1.0.0.202411081344/tools/bin/../lib/gcc/arm-none-eabi/13.3.1/../../../../arm-none-eabi/lib/thumb/v6-m/nofp\libc_nano.a(libc_a-mallocr.o)
 .text._malloc_r
                0x08004390      0x100 D:/Program Files (x86)/STM32CubeIDE_1.13.2/STM32CubeIDE/plugins/com.st.stm32cube.ide.mcu.externaltools.gnu-tools-for-stm32.13.3.rel1.win32_1.0.0.202411081344/tools/bin/../lib/gcc/arm-none-eabi/13.3.1/../../../../arm-none-eabi/lib/thumb/v6-m/nofp\libc_nano.a(libc_a-mallocr.o)
                0x08004390                _malloc_r
 .text.__malloc_lock
                0x08004490       0x10 D:/Program Files (x86)/STM32CubeIDE_1.13.2/STM32CubeIDE/plugins/com.st.stm32cube.ide.mcu.externaltools.gnu-tools-for-stm32.13.3.rel1.win32_1.0.0.202411081344/tools/bin/../lib/gcc/arm-none-eabi/13.3.1/../../../../arm-none-eabi/lib/thumb/v6-m/nofp\libc_nano.a(libc_a-mlock.o)
                0x08004490                __malloc_lock
 .text.__malloc_unlock
                0x080044a0       0x10 D:/Program Files (x86)/STM32CubeIDE_1.13.2/STM32CubeIDE/plugins/com.st.stm32cube.ide.mcu.externaltools.gnu-tools-for-stm32.13.3.rel1.win32_1.0.0.202411081344/tools/bin/../lib/gcc/arm-none-eabi/13.3.1/../../../../arm-none-eabi/lib/thumb/v6-m/nofp\libc_nano.a(libc_a-mlock.o)
                0x080044a0                __malloc_unlock
 .text.__ssputs_r
                0x080044b0       0xc0 D:/Program Files (x86)/STM32CubeIDE_1.13.2/STM32CubeIDE/plugins/com.st.stm32cube.ide.mcu.externaltools.gnu-tools-for-stm32.13.3.rel1.win32_1.0.0.202411081344/tools/bin/../lib/gcc/arm-none-eabi/13.3.1/../../../../arm-none-eabi/lib/thumb/v6-m/nofp\libc_nano.a(libc_a-nano-svfprintf.o)
                0x080044b0                __ssputs_r
 .text._svfprintf_r
                0x08004570      0x1fc D:/Program Files (x86)/STM32CubeIDE_1.13.2/STM32CubeIDE/plugins/com.st.stm32cube.ide.mcu.externaltools.gnu-tools-for-stm32.13.3.rel1.win32_1.0.0.202411081344/tools/bin/../lib/gcc/arm-none-eabi/13.3.1/../../../../arm-none-eabi/lib/thumb/v6-m/nofp\libc_nano.a(libc_a-nano-svfprintf.o)
                0x08004570                _svfiprintf_r
                0x08004570                _svfprintf_r
 .text._sungetc_r
                0x0800476c       0x78 D:/Program Files (x86)/STM32CubeIDE_1.13.2/STM32CubeIDE/plugins/com.st.stm32cube.ide.mcu.externaltools.gnu-tools-for-stm32.13.3.rel1.win32_1.0.0.202411081344/tools/bin/../lib/gcc/arm-none-eabi/13.3.1/../../../../arm-none-eabi/lib/thumb/v6-m/nofp\libc_nano.a(libc_a-nano-svfscanf.o)
                0x0800476c                _sungetc_r
 .text.__ssrefill_r
                0x080047e4       0x3e D:/Program Files (x86)/STM32CubeIDE_1.13.2/STM32CubeIDE/plugins/com.st.stm32cube.ide.mcu.externaltools.gnu-tools-for-stm32.13.3.rel1.win32_1.0.0.202411081344/tools/bin/../lib/gcc/arm-none-eabi/13.3.1/../../../../arm-none-eabi/lib/thumb/v6-m/nofp\libc_nano.a(libc_a-nano-svfscanf.o)
                0x080047e4                __ssrefill_r
 *fill*         0x08004822        0x2 
 .text.__ssvfscanf_r
                0x08004824      0x2c8 D:/Program Files (x86)/STM32CubeIDE_1.13.2/STM32CubeIDE/plugins/com.st.stm32cube.ide.mcu.externaltools.gnu-tools-for-stm32.13.3.rel1.win32_1.0.0.202411081344/tools/bin/../lib/gcc/arm-none-eabi/13.3.1/../../../../arm-none-eabi/lib/thumb/v6-m/nofp\libc_nano.a(libc_a-nano-svfscanf.o)
                0x08004824                __ssvfiscanf_r
                0x08004824                __ssvfscanf_r
 .text._printf_common
                0x08004aec       0xde D:/Program Files (x86)/STM32CubeIDE_1.13.2/STM32CubeIDE/plugins/com.st.stm32cube.ide.mcu.externaltools.gnu-tools-for-stm32.13.3.rel1.win32_1.0.0.202411081344/tools/bin/../lib/gcc/arm-none-eabi/13.3.1/../../../../arm-none-eabi/lib/thumb/v6-m/nofp\libc_nano.a(libc_a-nano-vfprintf_i.o)
                0x08004aec                _printf_common
 *fill*         0x08004bca        0x2 
 .text._printf_i
                0x08004bcc      0x218 D:/Program Files (x86)/STM32CubeIDE_1.13.2/STM32CubeIDE/plugins/com.st.stm32cube.ide.mcu.externaltools.gnu-tools-for-stm32.13.3.rel1.win32_1.0.0.202411081344/tools/bin/../lib/gcc/arm-none-eabi/13.3.1/../../../../arm-none-eabi/lib/thumb/v6-m/nofp\libc_nano.a(libc_a-nano-vfprintf_i.o)
                0x08004bcc                _printf_i
 .text._scanf_chars
                0x08004de4       0xc0 D:/Program Files (x86)/STM32CubeIDE_1.13.2/STM32CubeIDE/plugins/com.st.stm32cube.ide.mcu.externaltools.gnu-tools-for-stm32.13.3.rel1.win32_1.0.0.202411081344/tools/bin/../lib/gcc/arm-none-eabi/13.3.1/../../../../arm-none-eabi/lib/thumb/v6-m/nofp\libc_nano.a(libc_a-nano-vfscanf_i.o)
                0x08004de4                _scanf_chars
 .text._scanf_i
                0x08004ea4      0x200 D:/Program Files (x86)/STM32CubeIDE_1.13.2/STM32CubeIDE/plugins/com.st.stm32cube.ide.mcu.externaltools.gnu-tools-for-stm32.13.3.rel1.win32_1.0.0.202411081344/tools/bin/../lib/gcc/arm-none-eabi/13.3.1/../../../../arm-none-eabi/lib/thumb/v6-m/nofp\libc_nano.a(libc_a-nano-vfscanf_i.o)
                0x08004ea4                _scanf_i
 .text.__sccl   0x080050a4       0x72 D:/Program Files (x86)/STM32CubeIDE_1.13.2/STM32CubeIDE/plugins/com.st.stm32cube.ide.mcu.externaltools.gnu-tools-for-stm32.13.3.rel1.win32_1.0.0.202411081344/tools/bin/../lib/gcc/arm-none-eabi/13.3.1/../../../../arm-none-eabi/lib/thumb/v6-m/nofp\libc_nano.a(libc_a-sccl.o)
                0x080050a4                __sccl
 *fill*         0x08005116        0x2 
 .text.__submore
                0x08005118       0x7c D:/Program Files (x86)/STM32CubeIDE_1.13.2/STM32CubeIDE/plugins/com.st.stm32cube.ide.mcu.externaltools.gnu-tools-for-stm32.13.3.rel1.win32_1.0.0.202411081344/tools/bin/../lib/gcc/arm-none-eabi/13.3.1/../../../../arm-none-eabi/lib/thumb/v6-m/nofp\libc_nano.a(libc_a-ungetc.o)
                0x08005118                __submore
 .text.memmove  0x08005194       0x24 D:/Program Files (x86)/STM32CubeIDE_1.13.2/STM32CubeIDE/plugins/com.st.stm32cube.ide.mcu.externaltools.gnu-tools-for-stm32.13.3.rel1.win32_1.0.0.202411081344/tools/bin/../lib/gcc/arm-none-eabi/13.3.1/../../../../arm-none-eabi/lib/thumb/v6-m/nofp\libc_nano.a(libc_a-memmove.o)
                0x08005194                memmove
 .text._sbrk_r  0x080051b8       0x24 D:/Program Files (x86)/STM32CubeIDE_1.13.2/STM32CubeIDE/plugins/com.st.stm32cube.ide.mcu.externaltools.gnu-tools-for-stm32.13.3.rel1.win32_1.0.0.202411081344/tools/bin/../lib/gcc/arm-none-eabi/13.3.1/../../../../arm-none-eabi/lib/thumb/v6-m/nofp\libc_nano.a(libc_a-sbrkr.o)
                0x080051b8                _sbrk_r
 .text.memchr   0x080051dc       0x16 D:/Program Files (x86)/STM32CubeIDE_1.13.2/STM32CubeIDE/plugins/com.st.stm32cube.ide.mcu.externaltools.gnu-tools-for-stm32.13.3.rel1.win32_1.0.0.202411081344/tools/bin/../lib/gcc/arm-none-eabi/13.3.1/../../../../arm-none-eabi/lib/thumb/v6-m/nofp\libc_nano.a(libc_a-memchr-stub.o)
                0x080051dc                memchr
 .text._realloc_r
                0x080051f2       0x60 D:/Program Files (x86)/STM32CubeIDE_1.13.2/STM32CubeIDE/plugins/com.st.stm32cube.ide.mcu.externaltools.gnu-tools-for-stm32.13.3.rel1.win32_1.0.0.202411081344/tools/bin/../lib/gcc/arm-none-eabi/13.3.1/../../../../arm-none-eabi/lib/thumb/v6-m/nofp\libc_nano.a(libc_a-reallocr.o)
                0x080051f2                _realloc_r
 *fill*         0x08005252        0x2 
 .text._strtol_l.isra.0
                0x08005254      0x114 D:/Program Files (x86)/STM32CubeIDE_1.13.2/STM32CubeIDE/plugins/com.st.stm32cube.ide.mcu.externaltools.gnu-tools-for-stm32.13.3.rel1.win32_1.0.0.202411081344/tools/bin/../lib/gcc/arm-none-eabi/13.3.1/../../../../arm-none-eabi/lib/thumb/v6-m/nofp\libc_nano.a(libc_a-strtol.o)
 .text._strtol_r
                0x08005368        0x8 D:/Program Files (x86)/STM32CubeIDE_1.13.2/STM32CubeIDE/plugins/com.st.stm32cube.ide.mcu.externaltools.gnu-tools-for-stm32.13.3.rel1.win32_1.0.0.202411081344/tools/bin/../lib/gcc/arm-none-eabi/13.3.1/../../../../arm-none-eabi/lib/thumb/v6-m/nofp\libc_nano.a(libc_a-strtol.o)
                0x08005368                _strtol_r
 .text._strtoul_l.isra.0
                0x08005370      0x104 D:/Program Files (x86)/STM32CubeIDE_1.13.2/STM32CubeIDE/plugins/com.st.stm32cube.ide.mcu.externaltools.gnu-tools-for-stm32.13.3.rel1.win32_1.0.0.202411081344/tools/bin/../lib/gcc/arm-none-eabi/13.3.1/../../../../arm-none-eabi/lib/thumb/v6-m/nofp\libc_nano.a(libc_a-strtoul.o)
 .text._strtoul_r
                0x08005474        0x8 D:/Program Files (x86)/STM32CubeIDE_1.13.2/STM32CubeIDE/plugins/com.st.stm32cube.ide.mcu.externaltools.gnu-tools-for-stm32.13.3.rel1.win32_1.0.0.202411081344/tools/bin/../lib/gcc/arm-none-eabi/13.3.1/../../../../arm-none-eabi/lib/thumb/v6-m/nofp\libc_nano.a(libc_a-strtoul.o)
                0x08005474                _strtoul_r
 .text._malloc_usable_size_r
                0x0800547c       0x10 D:/Program Files (x86)/STM32CubeIDE_1.13.2/STM32CubeIDE/plugins/com.st.stm32cube.ide.mcu.externaltools.gnu-tools-for-stm32.13.3.rel1.win32_1.0.0.202411081344/tools/bin/../lib/gcc/arm-none-eabi/13.3.1/../../../../arm-none-eabi/lib/thumb/v6-m/nofp\libc_nano.a(libc_a-msizer.o)
                0x0800547c                _malloc_usable_size_r
 *(.glue_7)
 .glue_7        0x0800548c        0x0 linker stubs
 *(.glue_7t)
 .glue_7t       0x0800548c        0x0 linker stubs
 *(.eh_frame)
 .eh_frame      0x0800548c        0x0 D:/Program Files (x86)/STM32CubeIDE_1.13.2/STM32CubeIDE/plugins/com.st.stm32cube.ide.mcu.externaltools.gnu-tools-for-stm32.13.3.rel1.win32_1.0.0.202411081344/tools/bin/../lib/gcc/arm-none-eabi/13.3.1/thumb/v6-m/nofp/crtbegin.o
 *(.init)
 .init          0x0800548c        0x4 D:/Program Files (x86)/STM32CubeIDE_1.13.2/STM32CubeIDE/plugins/com.st.stm32cube.ide.mcu.externaltools.gnu-tools-for-stm32.13.3.rel1.win32_1.0.0.202411081344/tools/bin/../lib/gcc/arm-none-eabi/13.3.1/thumb/v6-m/nofp/crti.o
                0x0800548c                _init
 .init          0x08005490        0x8 D:/Program Files (x86)/STM32CubeIDE_1.13.2/STM32CubeIDE/plugins/com.st.stm32cube.ide.mcu.externaltools.gnu-tools-for-stm32.13.3.rel1.win32_1.0.0.202411081344/tools/bin/../lib/gcc/arm-none-eabi/13.3.1/thumb/v6-m/nofp/crtn.o
 *(.fini)
 .fini          0x08005498        0x4 D:/Program Files (x86)/STM32CubeIDE_1.13.2/STM32CubeIDE/plugins/com.st.stm32cube.ide.mcu.externaltools.gnu-tools-for-stm32.13.3.rel1.win32_1.0.0.202411081344/tools/bin/../lib/gcc/arm-none-eabi/13.3.1/thumb/v6-m/nofp/crti.o
                0x08005498                _fini
 .fini          0x0800549c        0x8 D:/Program Files (x86)/STM32CubeIDE_1.13.2/STM32CubeIDE/plugins/com.st.stm32cube.ide.mcu.externaltools.gnu-tools-for-stm32.13.3.rel1.win32_1.0.0.202411081344/tools/bin/../lib/gcc/arm-none-eabi/13.3.1/thumb/v6-m/nofp/crtn.o
 *fill*         0x080054a4        0x4 
 .fini.__stub   0x080054a8       0x10 linker stubs
                0x080054b8                        . = ALIGN (0x4)
                0x080054b8                        _etext = .

.vfp11_veneer   0x080054b8        0x0
 .vfp11_veneer  0x080054b8        0x0 linker stubs

.v4_bx          0x080054b8        0x0
 .v4_bx         0x080054b8        0x0 linker stubs

.iplt           0x080054b8        0x0
 .iplt          0x080054b8        0x0 D:/Program Files (x86)/STM32CubeIDE_1.13.2/STM32CubeIDE/plugins/com.st.stm32cube.ide.mcu.externaltools.gnu-tools-for-stm32.13.3.rel1.win32_1.0.0.202411081344/tools/bin/../lib/gcc/arm-none-eabi/13.3.1/thumb/v6-m/nofp/crtbegin.o

.rodata         0x080054b8      0x35c
                0x080054b8                        . = ALIGN (0x4)
 *(.rodata)
 .rodata        0x080054b8        0xc D:/Program Files (x86)/STM32CubeIDE_1.13.2/STM32CubeIDE/plugins/com.st.stm32cube.ide.mcu.externaltools.gnu-tools-for-stm32.13.3.rel1.win32_1.0.0.202411081344/tools/bin/../lib/gcc/arm-none-eabi/13.3.1/../../../../arm-none-eabi/lib/thumb/v6-m/nofp\libc_nano.a(libc_a-nano-vfscanf_i.o)
 *(.rodata*)
 .rodata.Print_Current_Config.str1.1
                0x080054c4      0x1cf ./Core/Src/main.o
                                0x125 (size before relaxing)
 .rodata.Process_Uart_Command.str1.1
                0x08005693       0x80 ./Core/Src/main.o
 *fill*         0x08005693        0x1 
 .rodata.APBPrescTable
                0x08005694       0x20 ./Core/Src/system_stm32g0xx.o
                0x08005694                APBPrescTable
 .rodata.AHBPrescTable
                0x080056b4       0x40 ./Core/Src/system_stm32g0xx.o
                0x080056b4                AHBPrescTable
 .rodata.CSWTCH.66
                0x080056f4        0x3 ./Drivers/STM32G0xx_HAL_Driver/Src/stm32g0xx_hal_uart.o
 *fill*         0x080056f7        0x1 
 .rodata.UARTPrescTable
                0x080056f8       0x18 ./Drivers/STM32G0xx_HAL_Driver/Src/stm32g0xx_hal_uart.o
                0x080056f8                UARTPrescTable
 .rodata._svfprintf_r.str1.1
                0x08005710       0x11 D:/Program Files (x86)/STM32CubeIDE_1.13.2/STM32CubeIDE/plugins/com.st.stm32cube.ide.mcu.externaltools.gnu-tools-for-stm32.13.3.rel1.win32_1.0.0.202411081344/tools/bin/../lib/gcc/arm-none-eabi/13.3.1/../../../../arm-none-eabi/lib/thumb/v6-m/nofp\libc_nano.a(libc_a-nano-svfprintf.o)
 .rodata.__ssvfscanf_r.str1.1
                0x08005710        0x4 D:/Program Files (x86)/STM32CubeIDE_1.13.2/STM32CubeIDE/plugins/com.st.stm32cube.ide.mcu.externaltools.gnu-tools-for-stm32.13.3.rel1.win32_1.0.0.202411081344/tools/bin/../lib/gcc/arm-none-eabi/13.3.1/../../../../arm-none-eabi/lib/thumb/v6-m/nofp\libc_nano.a(libc_a-nano-svfscanf.o)
 .rodata._printf_i.str1.1
                0x08005710       0x22 D:/Program Files (x86)/STM32CubeIDE_1.13.2/STM32CubeIDE/plugins/com.st.stm32cube.ide.mcu.externaltools.gnu-tools-for-stm32.13.3.rel1.win32_1.0.0.202411081344/tools/bin/../lib/gcc/arm-none-eabi/13.3.1/../../../../arm-none-eabi/lib/thumb/v6-m/nofp\libc_nano.a(libc_a-nano-vfprintf_i.o)
 .rodata._scanf_i.str1.1
                0x08005710       0x12 D:/Program Files (x86)/STM32CubeIDE_1.13.2/STM32CubeIDE/plugins/com.st.stm32cube.ide.mcu.externaltools.gnu-tools-for-stm32.13.3.rel1.win32_1.0.0.202411081344/tools/bin/../lib/gcc/arm-none-eabi/13.3.1/../../../../arm-none-eabi/lib/thumb/v6-m/nofp\libc_nano.a(libc_a-nano-vfscanf_i.o)
 .rodata.str1.1
                0x08005710        0x9 D:/Program Files (x86)/STM32CubeIDE_1.13.2/STM32CubeIDE/plugins/com.st.stm32cube.ide.mcu.externaltools.gnu-tools-for-stm32.13.3.rel1.win32_1.0.0.202411081344/tools/bin/../lib/gcc/arm-none-eabi/13.3.1/../../../../arm-none-eabi/lib/thumb/v6-m/nofp\libc_nano.a(libc_a-nano-vfscanf_i.o)
 .rodata._ctype_
                0x08005710      0x101 D:/Program Files (x86)/STM32CubeIDE_1.13.2/STM32CubeIDE/plugins/com.st.stm32cube.ide.mcu.externaltools.gnu-tools-for-stm32.13.3.rel1.win32_1.0.0.202411081344/tools/bin/../lib/gcc/arm-none-eabi/13.3.1/../../../../arm-none-eabi/lib/thumb/v6-m/nofp\libc_nano.a(libc_a-ctype_.o)
                0x08005710                _ctype_
                0x08005814                        . = ALIGN (0x4)
 *fill*         0x08005811        0x3 

.ARM.extab      0x08005814        0x0
                0x08005814                        . = ALIGN (0x4)
 *(.ARM.extab* .gnu.linkonce.armextab.*)
                0x08005814                        . = ALIGN (0x4)

.ARM            0x08005814        0x0
                0x08005814                        . = ALIGN (0x4)
                0x08005814                        __exidx_start = .
 *(.ARM.exidx*)
                0x08005814                        __exidx_end = .
                0x08005814                        . = ALIGN (0x4)

.preinit_array  0x08005814        0x0
                0x08005814                        . = ALIGN (0x4)
                0x08005814                        PROVIDE (__preinit_array_start = .)
 *(.preinit_array*)
                0x08005814                        PROVIDE (__preinit_array_end = .)
                0x08005814                        . = ALIGN (0x4)

.init_array     0x08005814        0x4
                0x08005814                        . = ALIGN (0x4)
                0x08005814                        PROVIDE (__init_array_start = .)
 *(SORT_BY_NAME(.init_array.*))
 *(.init_array*)
 .init_array    0x08005814        0x4 D:/Program Files (x86)/STM32CubeIDE_1.13.2/STM32CubeIDE/plugins/com.st.stm32cube.ide.mcu.externaltools.gnu-tools-for-stm32.13.3.rel1.win32_1.0.0.202411081344/tools/bin/../lib/gcc/arm-none-eabi/13.3.1/thumb/v6-m/nofp/crtbegin.o
                0x08005818                        PROVIDE (__init_array_end = .)
                0x08005818                        . = ALIGN (0x4)

.fini_array     0x08005818        0x4
                0x08005818                        . = ALIGN (0x4)
                [!provide]                        PROVIDE (__fini_array_start = .)
 *(SORT_BY_NAME(.fini_array.*))
 *(.fini_array*)
 .fini_array    0x08005818        0x4 D:/Program Files (x86)/STM32CubeIDE_1.13.2/STM32CubeIDE/plugins/com.st.stm32cube.ide.mcu.externaltools.gnu-tools-for-stm32.13.3.rel1.win32_1.0.0.202411081344/tools/bin/../lib/gcc/arm-none-eabi/13.3.1/thumb/v6-m/nofp/crtbegin.o
                [!provide]                        PROVIDE (__fini_array_end = .)
                0x0800581c                        . = ALIGN (0x4)
                0x0800581c                        _sidata = LOADADDR (.data)

.rel.dyn        0x0800581c        0x0
 .rel.iplt      0x0800581c        0x0 D:/Program Files (x86)/STM32CubeIDE_1.13.2/STM32CubeIDE/plugins/com.st.stm32cube.ide.mcu.externaltools.gnu-tools-for-stm32.13.3.rel1.win32_1.0.0.202411081344/tools/bin/../lib/gcc/arm-none-eabi/13.3.1/thumb/v6-m/nofp/crtbegin.o

.data           0x20000000       0xb8 load address 0x0800581c
                0x20000000                        . = ALIGN (0x4)
                0x20000000                        _sdata = .
 *(.data)
 *(.data*)
 .data.S0_DPort
                0x20000000        0x2 ./Core/Src/bsp_w5500.o
                0x20000000                S0_DPort
 .data.S0_DIP   0x20000002        0x4 ./Core/Src/bsp_w5500.o
                0x20000002                S0_DIP
 .data.S0_Port  0x20000006        0x2 ./Core/Src/bsp_w5500.o
                0x20000006                S0_Port
 .data.IP_Addr  0x20000008        0x4 ./Core/Src/bsp_w5500.o
                0x20000008                IP_Addr
 .data.Phy_Addr
                0x2000000c        0x6 ./Core/Src/bsp_w5500.o
                0x2000000c                Phy_Addr
 .data.Sub_Mask
                0x20000012        0x4 ./Core/Src/bsp_w5500.o
                0x20000012                Sub_Mask
 .data.Gateway_IP
                0x20000016        0x4 ./Core/Src/bsp_w5500.o
                0x20000016                Gateway_IP
 .data.tx_packet
                0x2000001a        0xa ./Core/Src/main.o
                0x2000001a                tx_packet
 .data.SystemCoreClock
                0x20000024        0x4 ./Core/Src/system_stm32g0xx.o
                0x20000024                SystemCoreClock
 .data.uwTickFreq
                0x20000028        0x1 ./Drivers/STM32G0xx_HAL_Driver/Src/stm32g0xx_hal.o
                0x20000028                uwTickFreq
 *fill*         0x20000029        0x3 
 .data.uwTickPrio
                0x2000002c        0x4 ./Drivers/STM32G0xx_HAL_Driver/Src/stm32g0xx_hal.o
                0x2000002c                uwTickPrio
 .data._impure_ptr
                0x20000030        0x4 D:/Program Files (x86)/STM32CubeIDE_1.13.2/STM32CubeIDE/plugins/com.st.stm32cube.ide.mcu.externaltools.gnu-tools-for-stm32.13.3.rel1.win32_1.0.0.202411081344/tools/bin/../lib/gcc/arm-none-eabi/13.3.1/../../../../arm-none-eabi/lib/thumb/v6-m/nofp\libc_nano.a(libc_a-impure.o)
                0x20000030                _impure_ptr
 .data._impure_data
                0x20000034       0x4c D:/Program Files (x86)/STM32CubeIDE_1.13.2/STM32CubeIDE/plugins/com.st.stm32cube.ide.mcu.externaltools.gnu-tools-for-stm32.13.3.rel1.win32_1.0.0.202411081344/tools/bin/../lib/gcc/arm-none-eabi/13.3.1/../../../../arm-none-eabi/lib/thumb/v6-m/nofp\libc_nano.a(libc_a-impure.o)
                0x20000034                _impure_data
 *(.RamFunc)
 .RamFunc       0x20000080       0x38 ./Drivers/STM32G0xx_HAL_Driver/Src/stm32g0xx_hal_flash.o
 *(.RamFunc*)
                0x200000b8                        . = ALIGN (0x4)
                0x200000b8                        _edata = .

.igot.plt       0x200000b8        0x0 load address 0x080058d4
 .igot.plt      0x200000b8        0x0 D:/Program Files (x86)/STM32CubeIDE_1.13.2/STM32CubeIDE/plugins/com.st.stm32cube.ide.mcu.externaltools.gnu-tools-for-stm32.13.3.rel1.win32_1.0.0.202411081344/tools/bin/../lib/gcc/arm-none-eabi/13.3.1/thumb/v6-m/nofp/crtbegin.o
                0x200000b8                        . = ALIGN (0x4)

.bss            0x200000b8      0x388 load address 0x080058d4
                0x200000b8                        _sbss = .
                0x200000b8                        __bss_start__ = _sbss
 *(.bss)
 .bss           0x200000b8       0x1c D:/Program Files (x86)/STM32CubeIDE_1.13.2/STM32CubeIDE/plugins/com.st.stm32cube.ide.mcu.externaltools.gnu-tools-for-stm32.13.3.rel1.win32_1.0.0.202411081344/tools/bin/../lib/gcc/arm-none-eabi/13.3.1/thumb/v6-m/nofp/crtbegin.o
 *(.bss*)
 .bss.registerMap
                0x200000d4        0x8 ./Core/Src/ads1115.o
 .bss.DeviceConfig
                0x200000dc       0x1a ./Core/Src/flash_config.o
                0x200000dc                DeviceConfig
 *fill*         0x200000f6        0x2 
 .bss.hi2c1     0x200000f8       0x54 ./Core/Src/i2c.o
                0x200000f8                hi2c1
 .bss.adc_ready_flag
                0x2000014c        0x1 ./Core/Src/main.o
                0x2000014c                adc_ready_flag
 .bss.rx_byte   0x2000014d        0x1 ./Core/Src/main.o
                0x2000014d                rx_byte
 .bss.rx_idx    0x2000014e        0x1 ./Core/Src/main.o
                0x2000014e                rx_idx
 .bss.uart_rx_buf
                0x2000014f       0x40 ./Core/Src/main.o
                0x2000014f                uart_rx_buf
 *fill*         0x2000018f        0x1 
 .bss.hspi1     0x20000190       0x64 ./Core/Src/spi.o
                0x20000190                hspi1
 .bss.__sbrk_heap_end
                0x200001f4        0x4 ./Core/Src/sysmem.o
 .bss.htim3     0x200001f8       0x4c ./Core/Src/tim.o
                0x200001f8                htim3
 .bss.huart2    0x20000244       0x94 ./Core/Src/usart.o
                0x20000244                huart2
 .bss.uwTick    0x200002d8        0x4 ./Drivers/STM32G0xx_HAL_Driver/Src/stm32g0xx_hal.o
                0x200002d8                uwTick
 .bss.pFlash    0x200002dc       0x1c ./Drivers/STM32G0xx_HAL_Driver/Src/stm32g0xx_hal_flash.o
                0x200002dc                pFlash
 .bss.__sf      0x200002f8      0x138 D:/Program Files (x86)/STM32CubeIDE_1.13.2/STM32CubeIDE/plugins/com.st.stm32cube.ide.mcu.externaltools.gnu-tools-for-stm32.13.3.rel1.win32_1.0.0.202411081344/tools/bin/../lib/gcc/arm-none-eabi/13.3.1/../../../../arm-none-eabi/lib/thumb/v6-m/nofp\libc_nano.a(libc_a-findfp.o)
                0x200002f8                __sf
 .bss.errno     0x20000430        0x4 D:/Program Files (x86)/STM32CubeIDE_1.13.2/STM32CubeIDE/plugins/com.st.stm32cube.ide.mcu.externaltools.gnu-tools-for-stm32.13.3.rel1.win32_1.0.0.202411081344/tools/bin/../lib/gcc/arm-none-eabi/13.3.1/../../../../arm-none-eabi/lib/thumb/v6-m/nofp\libc_nano.a(libc_a-reent.o)
                0x20000430                errno
 .bss.__lock___malloc_recursive_mutex
                0x20000434        0x1 D:/Program Files (x86)/STM32CubeIDE_1.13.2/STM32CubeIDE/plugins/com.st.stm32cube.ide.mcu.externaltools.gnu-tools-for-stm32.13.3.rel1.win32_1.0.0.202411081344/tools/bin/../lib/gcc/arm-none-eabi/13.3.1/../../../../arm-none-eabi/lib/thumb/v6-m/nofp\libc_nano.a(libc_a-lock.o)
                0x20000434                __lock___malloc_recursive_mutex
 *fill*         0x20000435        0x3 
 .bss.__malloc_sbrk_start
                0x20000438        0x4 D:/Program Files (x86)/STM32CubeIDE_1.13.2/STM32CubeIDE/plugins/com.st.stm32cube.ide.mcu.externaltools.gnu-tools-for-stm32.13.3.rel1.win32_1.0.0.202411081344/tools/bin/../lib/gcc/arm-none-eabi/13.3.1/../../../../arm-none-eabi/lib/thumb/v6-m/nofp\libc_nano.a(libc_a-mallocr.o)
                0x20000438                __malloc_sbrk_start
 .bss.__malloc_free_list
                0x2000043c        0x4 D:/Program Files (x86)/STM32CubeIDE_1.13.2/STM32CubeIDE/plugins/com.st.stm32cube.ide.mcu.externaltools.gnu-tools-for-stm32.13.3.rel1.win32_1.0.0.202411081344/tools/bin/../lib/gcc/arm-none-eabi/13.3.1/../../../../arm-none-eabi/lib/thumb/v6-m/nofp\libc_nano.a(libc_a-mallocr.o)
                0x2000043c                __malloc_free_list
 *(COMMON)
                0x20000440                        . = ALIGN (0x4)
                0x20000440                        _ebss = .
                0x20000440                        __bss_end__ = _ebss

._user_heap_stack
                0x20000440      0x600 load address 0x080058d4
                0x20000440                        . = ALIGN (0x8)
                [!provide]                        PROVIDE (end = .)
                0x20000440                        PROVIDE (_end = .)
                0x20000640                        . = (. + _Min_Heap_Size)
 *fill*         0x20000440      0x200 
                0x20000a40                        . = (. + _Min_Stack_Size)
 *fill*         0x20000640      0x400 
                0x20000a40                        . = ALIGN (0x8)

/DISCARD/
 libc.a(*)
 libm.a(*)
 libgcc.a(*)

.ARM.attributes
                0x00000000       0x28
 *(.ARM.attributes)
 .ARM.attributes
                0x00000000       0x1e D:/Program Files (x86)/STM32CubeIDE_1.13.2/STM32CubeIDE/plugins/com.st.stm32cube.ide.mcu.externaltools.gnu-tools-for-stm32.13.3.rel1.win32_1.0.0.202411081344/tools/bin/../lib/gcc/arm-none-eabi/13.3.1/thumb/v6-m/nofp/crti.o
 .ARM.attributes
                0x0000001e       0x2c D:/Program Files (x86)/STM32CubeIDE_1.13.2/STM32CubeIDE/plugins/com.st.stm32cube.ide.mcu.externaltools.gnu-tools-for-stm32.13.3.rel1.win32_1.0.0.202411081344/tools/bin/../lib/gcc/arm-none-eabi/13.3.1/thumb/v6-m/nofp/crtbegin.o
 .ARM.attributes
                0x0000004a       0x2c ./Core/Src/ads1115.o
 .ARM.attributes
                0x00000076       0x2c ./Core/Src/bsp_w5500.o
 .ARM.attributes
                0x000000a2       0x2c ./Core/Src/flash_config.o
 .ARM.attributes
                0x000000ce       0x2c ./Core/Src/gpio.o
 .ARM.attributes
                0x000000fa       0x2c ./Core/Src/hal.o
 .ARM.attributes
                0x00000126       0x2c ./Core/Src/i2c.o
 .ARM.attributes
                0x00000152       0x2c ./Core/Src/main.o
 .ARM.attributes
                0x0000017e       0x2c ./Core/Src/spi.o
 .ARM.attributes
                0x000001aa       0x2c ./Core/Src/stm32g0xx_hal_msp.o
 .ARM.attributes
                0x000001d6       0x2c ./Core/Src/stm32g0xx_it.o
 .ARM.attributes
                0x00000202       0x2c ./Core/Src/sysmem.o
 .ARM.attributes
                0x0000022e       0x2c ./Core/Src/system_stm32g0xx.o
 .ARM.attributes
                0x0000025a       0x2c ./Core/Src/tim.o
 .ARM.attributes
                0x00000286       0x2c ./Core/Src/usart.o
 .ARM.attributes
                0x000002b2       0x22 ./Core/Startup/startup_stm32g030f6px.o
 .ARM.attributes
                0x000002d4       0x2c ./Drivers/STM32G0xx_HAL_Driver/Src/stm32g0xx_hal.o
 .ARM.attributes
                0x00000300       0x2c ./Drivers/STM32G0xx_HAL_Driver/Src/stm32g0xx_hal_cortex.o
 .ARM.attributes
                0x0000032c       0x2c ./Drivers/STM32G0xx_HAL_Driver/Src/stm32g0xx_hal_dma.o
 .ARM.attributes
                0x00000358       0x2c ./Drivers/STM32G0xx_HAL_Driver/Src/stm32g0xx_hal_flash.o
 .ARM.attributes
                0x00000384       0x2c ./Drivers/STM32G0xx_HAL_Driver/Src/stm32g0xx_hal_flash_ex.o
 .ARM.attributes
                0x000003b0       0x2c ./Drivers/STM32G0xx_HAL_Driver/Src/stm32g0xx_hal_gpio.o
 .ARM.attributes
                0x000003dc       0x2c ./Drivers/STM32G0xx_HAL_Driver/Src/stm32g0xx_hal_i2c.o
 .ARM.attributes
                0x00000408       0x2c ./Drivers/STM32G0xx_HAL_Driver/Src/stm32g0xx_hal_i2c_ex.o
 .ARM.attributes
                0x00000434       0x2c ./Drivers/STM32G0xx_HAL_Driver/Src/stm32g0xx_hal_pwr_ex.o
 .ARM.attributes
                0x00000460       0x2c ./Drivers/STM32G0xx_HAL_Driver/Src/stm32g0xx_hal_rcc.o
 .ARM.attributes
                0x0000048c       0x2c ./Drivers/STM32G0xx_HAL_Driver/Src/stm32g0xx_hal_rcc_ex.o
 .ARM.attributes
                0x000004b8       0x2c ./Drivers/STM32G0xx_HAL_Driver/Src/stm32g0xx_hal_spi.o
 .ARM.attributes
                0x000004e4       0x2c ./Drivers/STM32G0xx_HAL_Driver/Src/stm32g0xx_hal_tim.o
 .ARM.attributes
                0x00000510       0x2c ./Drivers/STM32G0xx_HAL_Driver/Src/stm32g0xx_hal_tim_ex.o
 .ARM.attributes
                0x0000053c       0x2c ./Drivers/STM32G0xx_HAL_Driver/Src/stm32g0xx_hal_uart.o
 .ARM.attributes
                0x00000568       0x2c ./Drivers/STM32G0xx_HAL_Driver/Src/stm32g0xx_hal_uart_ex.o
 .ARM.attributes
                0x00000594       0x2c D:/Program Files (x86)/STM32CubeIDE_1.13.2/STM32CubeIDE/plugins/com.st.stm32cube.ide.mcu.externaltools.gnu-tools-for-stm32.13.3.rel1.win32_1.0.0.202411081344/tools/bin/../lib/gcc/arm-none-eabi/13.3.1/../../../../arm-none-eabi/lib/thumb/v6-m/nofp\libc_nano.a(libc_a-findfp.o)
 .ARM.attributes
                0x000005c0       0x2c D:/Program Files (x86)/STM32CubeIDE_1.13.2/STM32CubeIDE/plugins/com.st.stm32cube.ide.mcu.externaltools.gnu-tools-for-stm32.13.3.rel1.win32_1.0.0.202411081344/tools/bin/../lib/gcc/arm-none-eabi/13.3.1/../../../../arm-none-eabi/lib/thumb/v6-m/nofp\libc_nano.a(libc_a-sprintf.o)
 .ARM.attributes
                0x000005ec       0x2c D:/Program Files (x86)/STM32CubeIDE_1.13.2/STM32CubeIDE/plugins/com.st.stm32cube.ide.mcu.externaltools.gnu-tools-for-stm32.13.3.rel1.win32_1.0.0.202411081344/tools/bin/../lib/gcc/arm-none-eabi/13.3.1/../../../../arm-none-eabi/lib/thumb/v6-m/nofp\libc_nano.a(libc_a-sscanf.o)
 .ARM.attributes
                0x00000618       0x2c D:/Program Files (x86)/STM32CubeIDE_1.13.2/STM32CubeIDE/plugins/com.st.stm32cube.ide.mcu.externaltools.gnu-tools-for-stm32.13.3.rel1.win32_1.0.0.202411081344/tools/bin/../lib/gcc/arm-none-eabi/13.3.1/../../../../arm-none-eabi/lib/thumb/v6-m/nofp\libc_nano.a(libc_a-stdio.o)
 .ARM.attributes
                0x00000644       0x2c D:/Program Files (x86)/STM32CubeIDE_1.13.2/STM32CubeIDE/plugins/com.st.stm32cube.ide.mcu.externaltools.gnu-tools-for-stm32.13.3.rel1.win32_1.0.0.202411081344/tools/bin/../lib/gcc/arm-none-eabi/13.3.1/../../../../arm-none-eabi/lib/thumb/v6-m/nofp\libc_nano.a(libc_a-memset.o)
 .ARM.attributes
                0x00000670       0x2c D:/Program Files (x86)/STM32CubeIDE_1.13.2/STM32CubeIDE/plugins/com.st.stm32cube.ide.mcu.externaltools.gnu-tools-for-stm32.13.3.rel1.win32_1.0.0.202411081344/tools/bin/../lib/gcc/arm-none-eabi/13.3.1/../../../../arm-none-eabi/lib/thumb/v6-m/nofp\libc_nano.a(libc_a-strncmp.o)
 .ARM.attributes
                0x0000069c       0x2c D:/Program Files (x86)/STM32CubeIDE_1.13.2/STM32CubeIDE/plugins/com.st.stm32cube.ide.mcu.externaltools.gnu-tools-for-stm32.13.3.rel1.win32_1.0.0.202411081344/tools/bin/../lib/gcc/arm-none-eabi/13.3.1/../../../../arm-none-eabi/lib/thumb/v6-m/nofp\libc_nano.a(libc_a-reent.o)
 .ARM.attributes
                0x000006c8       0x2c D:/Program Files (x86)/STM32CubeIDE_1.13.2/STM32CubeIDE/plugins/com.st.stm32cube.ide.mcu.externaltools.gnu-tools-for-stm32.13.3.rel1.win32_1.0.0.202411081344/tools/bin/../lib/gcc/arm-none-eabi/13.3.1/../../../../arm-none-eabi/lib/thumb/v6-m/nofp\libc_nano.a(libc_a-impure.o)
 .ARM.attributes
                0x000006f4       0x2c D:/Program Files (x86)/STM32CubeIDE_1.13.2/STM32CubeIDE/plugins/com.st.stm32cube.ide.mcu.externaltools.gnu-tools-for-stm32.13.3.rel1.win32_1.0.0.202411081344/tools/bin/../lib/gcc/arm-none-eabi/13.3.1/../../../../arm-none-eabi/lib/thumb/v6-m/nofp\libc_nano.a(libc_a-errno.o)
 .ARM.attributes
                0x00000720       0x2c D:/Program Files (x86)/STM32CubeIDE_1.13.2/STM32CubeIDE/plugins/com.st.stm32cube.ide.mcu.externaltools.gnu-tools-for-stm32.13.3.rel1.win32_1.0.0.202411081344/tools/bin/../lib/gcc/arm-none-eabi/13.3.1/../../../../arm-none-eabi/lib/thumb/v6-m/nofp\libc_nano.a(libc_a-init.o)
 .ARM.attributes
                0x0000074c       0x2c D:/Program Files (x86)/STM32CubeIDE_1.13.2/STM32CubeIDE/plugins/com.st.stm32cube.ide.mcu.externaltools.gnu-tools-for-stm32.13.3.rel1.win32_1.0.0.202411081344/tools/bin/../lib/gcc/arm-none-eabi/13.3.1/../../../../arm-none-eabi/lib/thumb/v6-m/nofp\libc_nano.a(libc_a-lock.o)
 .ARM.attributes
                0x00000778       0x2c D:/Program Files (x86)/STM32CubeIDE_1.13.2/STM32CubeIDE/plugins/com.st.stm32cube.ide.mcu.externaltools.gnu-tools-for-stm32.13.3.rel1.win32_1.0.0.202411081344/tools/bin/../lib/gcc/arm-none-eabi/13.3.1/../../../../arm-none-eabi/lib/thumb/v6-m/nofp\libc_nano.a(libc_a-memcpy-stub.o)
 .ARM.attributes
                0x000007a4       0x1c D:/Program Files (x86)/STM32CubeIDE_1.13.2/STM32CubeIDE/plugins/com.st.stm32cube.ide.mcu.externaltools.gnu-tools-for-stm32.13.3.rel1.win32_1.0.0.202411081344/tools/bin/../lib/gcc/arm-none-eabi/13.3.1/../../../../arm-none-eabi/lib/thumb/v6-m/nofp\libc_nano.a(libc_a-strlen.o)
 .ARM.attributes
                0x000007c0       0x2c D:/Program Files (x86)/STM32CubeIDE_1.13.2/STM32CubeIDE/plugins/com.st.stm32cube.ide.mcu.externaltools.gnu-tools-for-stm32.13.3.rel1.win32_1.0.0.202411081344/tools/bin/../lib/gcc/arm-none-eabi/13.3.1/../../../../arm-none-eabi/lib/thumb/v6-m/nofp\libc_nano.a(libc_a-freer.o)
 .ARM.attributes
                0x000007ec       0x2c D:/Program Files (x86)/STM32CubeIDE_1.13.2/STM32CubeIDE/plugins/com.st.stm32cube.ide.mcu.externaltools.gnu-tools-for-stm32.13.3.rel1.win32_1.0.0.202411081344/tools/bin/../lib/gcc/arm-none-eabi/13.3.1/../../../../arm-none-eabi/lib/thumb/v6-m/nofp\libc_nano.a(libc_a-mallocr.o)
 .ARM.attributes
                0x00000818       0x2c D:/Program Files (x86)/STM32CubeIDE_1.13.2/STM32CubeIDE/plugins/com.st.stm32cube.ide.mcu.externaltools.gnu-tools-for-stm32.13.3.rel1.win32_1.0.0.202411081344/tools/bin/../lib/gcc/arm-none-eabi/13.3.1/../../../../arm-none-eabi/lib/thumb/v6-m/nofp\libc_nano.a(libc_a-mlock.o)
 .ARM.attributes
                0x00000844       0x2c D:/Program Files (x86)/STM32CubeIDE_1.13.2/STM32CubeIDE/plugins/com.st.stm32cube.ide.mcu.externaltools.gnu-tools-for-stm32.13.3.rel1.win32_1.0.0.202411081344/tools/bin/../lib/gcc/arm-none-eabi/13.3.1/../../../../arm-none-eabi/lib/thumb/v6-m/nofp\libc_nano.a(libc_a-nano-svfprintf.o)
 .ARM.attributes
                0x00000870       0x2c D:/Program Files (x86)/STM32CubeIDE_1.13.2/STM32CubeIDE/plugins/com.st.stm32cube.ide.mcu.externaltools.gnu-tools-for-stm32.13.3.rel1.win32_1.0.0.202411081344/tools/bin/../lib/gcc/arm-none-eabi/13.3.1/../../../../arm-none-eabi/lib/thumb/v6-m/nofp\libc_nano.a(libc_a-nano-svfscanf.o)
 .ARM.attributes
                0x0000089c       0x2c D:/Program Files (x86)/STM32CubeIDE_1.13.2/STM32CubeIDE/plugins/com.st.stm32cube.ide.mcu.externaltools.gnu-tools-for-stm32.13.3.rel1.win32_1.0.0.202411081344/tools/bin/../lib/gcc/arm-none-eabi/13.3.1/../../../../arm-none-eabi/lib/thumb/v6-m/nofp\libc_nano.a(libc_a-nano-vfprintf_i.o)
 .ARM.attributes
                0x000008c8       0x2c D:/Program Files (x86)/STM32CubeIDE_1.13.2/STM32CubeIDE/plugins/com.st.stm32cube.ide.mcu.externaltools.gnu-tools-for-stm32.13.3.rel1.win32_1.0.0.202411081344/tools/bin/../lib/gcc/arm-none-eabi/13.3.1/../../../../arm-none-eabi/lib/thumb/v6-m/nofp\libc_nano.a(libc_a-nano-vfscanf_i.o)
 .ARM.attributes
                0x000008f4       0x2c D:/Program Files (x86)/STM32CubeIDE_1.13.2/STM32CubeIDE/plugins/com.st.stm32cube.ide.mcu.externaltools.gnu-tools-for-stm32.13.3.rel1.win32_1.0.0.202411081344/tools/bin/../lib/gcc/arm-none-eabi/13.3.1/../../../../arm-none-eabi/lib/thumb/v6-m/nofp\libc_nano.a(libc_a-sccl.o)
 .ARM.attributes
                0x00000920       0x2c D:/Program Files (x86)/STM32CubeIDE_1.13.2/STM32CubeIDE/plugins/com.st.stm32cube.ide.mcu.externaltools.gnu-tools-for-stm32.13.3.rel1.win32_1.0.0.202411081344/tools/bin/../lib/gcc/arm-none-eabi/13.3.1/../../../../arm-none-eabi/lib/thumb/v6-m/nofp\libc_nano.a(libc_a-ungetc.o)
 .ARM.attributes
                0x0000094c       0x2c D:/Program Files (x86)/STM32CubeIDE_1.13.2/STM32CubeIDE/plugins/com.st.stm32cube.ide.mcu.externaltools.gnu-tools-for-stm32.13.3.rel1.win32_1.0.0.202411081344/tools/bin/../lib/gcc/arm-none-eabi/13.3.1/../../../../arm-none-eabi/lib/thumb/v6-m/nofp\libc_nano.a(libc_a-memmove.o)
 .ARM.attributes
                0x00000978       0x2c D:/Program Files (x86)/STM32CubeIDE_1.13.2/STM32CubeIDE/plugins/com.st.stm32cube.ide.mcu.externaltools.gnu-tools-for-stm32.13.3.rel1.win32_1.0.0.202411081344/tools/bin/../lib/gcc/arm-none-eabi/13.3.1/../../../../arm-none-eabi/lib/thumb/v6-m/nofp\libc_nano.a(libc_a-sbrkr.o)
 .ARM.attributes
                0x000009a4       0x2c D:/Program Files (x86)/STM32CubeIDE_1.13.2/STM32CubeIDE/plugins/com.st.stm32cube.ide.mcu.externaltools.gnu-tools-for-stm32.13.3.rel1.win32_1.0.0.202411081344/tools/bin/../lib/gcc/arm-none-eabi/13.3.1/../../../../arm-none-eabi/lib/thumb/v6-m/nofp\libc_nano.a(libc_a-memchr-stub.o)
 .ARM.attributes
                0x000009d0       0x2c D:/Program Files (x86)/STM32CubeIDE_1.13.2/STM32CubeIDE/plugins/com.st.stm32cube.ide.mcu.externaltools.gnu-tools-for-stm32.13.3.rel1.win32_1.0.0.202411081344/tools/bin/../lib/gcc/arm-none-eabi/13.3.1/../../../../arm-none-eabi/lib/thumb/v6-m/nofp\libc_nano.a(libc_a-reallocr.o)
 .ARM.attributes
                0x000009fc       0x2c D:/Program Files (x86)/STM32CubeIDE_1.13.2/STM32CubeIDE/plugins/com.st.stm32cube.ide.mcu.externaltools.gnu-tools-for-stm32.13.3.rel1.win32_1.0.0.202411081344/tools/bin/../lib/gcc/arm-none-eabi/13.3.1/../../../../arm-none-eabi/lib/thumb/v6-m/nofp\libc_nano.a(libc_a-strtol.o)
 .ARM.attributes
                0x00000a28       0x2c D:/Program Files (x86)/STM32CubeIDE_1.13.2/STM32CubeIDE/plugins/com.st.stm32cube.ide.mcu.externaltools.gnu-tools-for-stm32.13.3.rel1.win32_1.0.0.202411081344/tools/bin/../lib/gcc/arm-none-eabi/13.3.1/../../../../arm-none-eabi/lib/thumb/v6-m/nofp\libc_nano.a(libc_a-strtoul.o)
 .ARM.attributes
                0x00000a54       0x2c D:/Program Files (x86)/STM32CubeIDE_1.13.2/STM32CubeIDE/plugins/com.st.stm32cube.ide.mcu.externaltools.gnu-tools-for-stm32.13.3.rel1.win32_1.0.0.202411081344/tools/bin/../lib/gcc/arm-none-eabi/13.3.1/../../../../arm-none-eabi/lib/thumb/v6-m/nofp\libc_nano.a(libc_a-ctype_.o)
 .ARM.attributes
                0x00000a80       0x2c D:/Program Files (x86)/STM32CubeIDE_1.13.2/STM32CubeIDE/plugins/com.st.stm32cube.ide.mcu.externaltools.gnu-tools-for-stm32.13.3.rel1.win32_1.0.0.202411081344/tools/bin/../lib/gcc/arm-none-eabi/13.3.1/../../../../arm-none-eabi/lib/thumb/v6-m/nofp\libc_nano.a(libc_a-msizer.o)
 .ARM.attributes
                0x00000aac       0x1e D:/Program Files (x86)/STM32CubeIDE_1.13.2/STM32CubeIDE/plugins/com.st.stm32cube.ide.mcu.externaltools.gnu-tools-for-stm32.13.3.rel1.win32_1.0.0.202411081344/tools/bin/../lib/gcc/arm-none-eabi/13.3.1/thumb/v6-m/nofp\libgcc.a(_thumb1_case_uqi.o)
 .ARM.attributes
                0x00000aca       0x1e D:/Program Files (x86)/STM32CubeIDE_1.13.2/STM32CubeIDE/plugins/com.st.stm32cube.ide.mcu.externaltools.gnu-tools-for-stm32.13.3.rel1.win32_1.0.0.202411081344/tools/bin/../lib/gcc/arm-none-eabi/13.3.1/thumb/v6-m/nofp\libgcc.a(_thumb1_case_shi.o)
 .ARM.attributes
                0x00000ae8       0x1e D:/Program Files (x86)/STM32CubeIDE_1.13.2/STM32CubeIDE/plugins/com.st.stm32cube.ide.mcu.externaltools.gnu-tools-for-stm32.13.3.rel1.win32_1.0.0.202411081344/tools/bin/../lib/gcc/arm-none-eabi/13.3.1/thumb/v6-m/nofp\libgcc.a(_udivsi3.o)
 .ARM.attributes
                0x00000b06       0x1e D:/Program Files (x86)/STM32CubeIDE_1.13.2/STM32CubeIDE/plugins/com.st.stm32cube.ide.mcu.externaltools.gnu-tools-for-stm32.13.3.rel1.win32_1.0.0.202411081344/tools/bin/../lib/gcc/arm-none-eabi/13.3.1/thumb/v6-m/nofp\libgcc.a(_dvmd_tls.o)
 .ARM.attributes
                0x00000b24       0x1e D:/Program Files (x86)/STM32CubeIDE_1.13.2/STM32CubeIDE/plugins/com.st.stm32cube.ide.mcu.externaltools.gnu-tools-for-stm32.13.3.rel1.win32_1.0.0.202411081344/tools/bin/../lib/gcc/arm-none-eabi/13.3.1/thumb/v6-m/nofp/crtn.o
OUTPUT(IDX_v3.elf elf32-littlearm)
LOAD linker stubs
LOAD D:/Program Files (x86)/STM32CubeIDE_1.13.2/STM32CubeIDE/plugins/com.st.stm32cube.ide.mcu.externaltools.gnu-tools-for-stm32.13.3.rel1.win32_1.0.0.202411081344/tools/bin/../lib/gcc/arm-none-eabi/13.3.1/../../../../arm-none-eabi/lib/thumb/v6-m/nofp\libc.a
LOAD D:/Program Files (x86)/STM32CubeIDE_1.13.2/STM32CubeIDE/plugins/com.st.stm32cube.ide.mcu.externaltools.gnu-tools-for-stm32.13.3.rel1.win32_1.0.0.202411081344/tools/bin/../lib/gcc/arm-none-eabi/13.3.1/../../../../arm-none-eabi/lib/thumb/v6-m/nofp\libm.a
LOAD D:/Program Files (x86)/STM32CubeIDE_1.13.2/STM32CubeIDE/plugins/com.st.stm32cube.ide.mcu.externaltools.gnu-tools-for-stm32.13.3.rel1.win32_1.0.0.202411081344/tools/bin/../lib/gcc/arm-none-eabi/13.3.1/thumb/v6-m/nofp\libgcc.a

.debug_info     0x00000000    0x21c27
 .debug_info    0x00000000      0x4d6 ./Core/Src/ads1115.o
 .debug_info    0x000004d6     0x1468 ./Core/Src/bsp_w5500.o
 .debug_info    0x0000193e      0x464 ./Core/Src/flash_config.o
 .debug_info    0x00001da2      0x4b6 ./Core/Src/gpio.o
 .debug_info    0x00002258      0xbc8 ./Core/Src/hal.o
 .debug_info    0x00002e20      0xc07 ./Core/Src/i2c.o
 .debug_info    0x00003a27     0x1c31 ./Core/Src/main.o
 .debug_info    0x00005658      0xa78 ./Core/Src/spi.o
 .debug_info    0x000060d0      0x260 ./Core/Src/stm32g0xx_hal_msp.o
 .debug_info    0x00006330      0xbc0 ./Core/Src/stm32g0xx_it.o
 .debug_info    0x00006ef0      0x186 ./Core/Src/sysmem.o
 .debug_info    0x00007076      0x345 ./Core/Src/system_stm32g0xx.o
 .debug_info    0x000073bb      0xc78 ./Core/Src/tim.o
 .debug_info    0x00008033      0xcc9 ./Core/Src/usart.o
 .debug_info    0x00008cfc       0x30 ./Core/Startup/startup_stm32g030f6px.o
 .debug_info    0x00008d2c      0x9ed ./Drivers/STM32G0xx_HAL_Driver/Src/stm32g0xx_hal.o
 .debug_info    0x00009719      0xa39 ./Drivers/STM32G0xx_HAL_Driver/Src/stm32g0xx_hal_cortex.o
 .debug_info    0x0000a152      0xa3d ./Drivers/STM32G0xx_HAL_Driver/Src/stm32g0xx_hal_dma.o
 .debug_info    0x0000ab8f      0x7fd ./Drivers/STM32G0xx_HAL_Driver/Src/stm32g0xx_hal_flash.o
 .debug_info    0x0000b38c      0x8df ./Drivers/STM32G0xx_HAL_Driver/Src/stm32g0xx_hal_flash_ex.o
 .debug_info    0x0000bc6b      0x5fc ./Drivers/STM32G0xx_HAL_Driver/Src/stm32g0xx_hal_gpio.o
 .debug_info    0x0000c267     0x3f5a ./Drivers/STM32G0xx_HAL_Driver/Src/stm32g0xx_hal_i2c.o
 .debug_info    0x000101c1      0x9f2 ./Drivers/STM32G0xx_HAL_Driver/Src/stm32g0xx_hal_i2c_ex.o
 .debug_info    0x00010bb3      0x4f6 ./Drivers/STM32G0xx_HAL_Driver/Src/stm32g0xx_hal_pwr_ex.o
 .debug_info    0x000110a9      0xd89 ./Drivers/STM32G0xx_HAL_Driver/Src/stm32g0xx_hal_rcc.o
 .debug_info    0x00011e32      0x83d ./Drivers/STM32G0xx_HAL_Driver/Src/stm32g0xx_hal_rcc_ex.o
 .debug_info    0x0001266f     0x2276 ./Drivers/STM32G0xx_HAL_Driver/Src/stm32g0xx_hal_spi.o
 .debug_info    0x000148e5     0x41fe ./Drivers/STM32G0xx_HAL_Driver/Src/stm32g0xx_hal_tim.o
 .debug_info    0x00018ae3     0x1d73 ./Drivers/STM32G0xx_HAL_Driver/Src/stm32g0xx_hal_tim_ex.o
 .debug_info    0x0001a856     0x614a ./Drivers/STM32G0xx_HAL_Driver/Src/stm32g0xx_hal_uart.o
 .debug_info    0x000209a0     0x1287 ./Drivers/STM32G0xx_HAL_Driver/Src/stm32g0xx_hal_uart_ex.o

.debug_abbrev   0x00000000     0x4d7b
 .debug_abbrev  0x00000000      0x162 ./Core/Src/ads1115.o
 .debug_abbrev  0x00000162      0x269 ./Core/Src/bsp_w5500.o
 .debug_abbrev  0x000003cb      0x1d2 ./Core/Src/flash_config.o
 .debug_abbrev  0x0000059d      0x18f ./Core/Src/gpio.o
 .debug_abbrev  0x0000072c      0x28b ./Core/Src/hal.o
 .debug_abbrev  0x000009b7      0x24f ./Core/Src/i2c.o
 .debug_abbrev  0x00000c06      0x415 ./Core/Src/main.o
 .debug_abbrev  0x0000101b      0x21f ./Core/Src/spi.o
 .debug_abbrev  0x0000123a       0xec ./Core/Src/stm32g0xx_hal_msp.o
 .debug_abbrev  0x00001326      0x1fd ./Core/Src/stm32g0xx_it.o
 .debug_abbrev  0x00001523       0xdc ./Core/Src/sysmem.o
 .debug_abbrev  0x000015ff      0x148 ./Core/Src/system_stm32g0xx.o
 .debug_abbrev  0x00001747      0x23b ./Core/Src/tim.o
 .debug_abbrev  0x00001982      0x23b ./Core/Src/usart.o
 .debug_abbrev  0x00001bbd       0x24 ./Core/Startup/startup_stm32g030f6px.o
 .debug_abbrev  0x00001be1      0x33f ./Drivers/STM32G0xx_HAL_Driver/Src/stm32g0xx_hal.o
 .debug_abbrev  0x00001f20      0x2cb ./Drivers/STM32G0xx_HAL_Driver/Src/stm32g0xx_hal_cortex.o
 .debug_abbrev  0x000021eb      0x273 ./Drivers/STM32G0xx_HAL_Driver/Src/stm32g0xx_hal_dma.o
 .debug_abbrev  0x0000245e      0x374 ./Drivers/STM32G0xx_HAL_Driver/Src/stm32g0xx_hal_flash.o
 .debug_abbrev  0x000027d2      0x336 ./Drivers/STM32G0xx_HAL_Driver/Src/stm32g0xx_hal_flash_ex.o
 .debug_abbrev  0x00002b08      0x259 ./Drivers/STM32G0xx_HAL_Driver/Src/stm32g0xx_hal_gpio.o
 .debug_abbrev  0x00002d61      0x3c7 ./Drivers/STM32G0xx_HAL_Driver/Src/stm32g0xx_hal_i2c.o
 .debug_abbrev  0x00003128      0x1ff ./Drivers/STM32G0xx_HAL_Driver/Src/stm32g0xx_hal_i2c_ex.o
 .debug_abbrev  0x00003327      0x1fc ./Drivers/STM32G0xx_HAL_Driver/Src/stm32g0xx_hal_pwr_ex.o
 .debug_abbrev  0x00003523      0x362 ./Drivers/STM32G0xx_HAL_Driver/Src/stm32g0xx_hal_rcc.o
 .debug_abbrev  0x00003885      0x2a7 ./Drivers/STM32G0xx_HAL_Driver/Src/stm32g0xx_hal_rcc_ex.o
 .debug_abbrev  0x00003b2c      0x392 ./Drivers/STM32G0xx_HAL_Driver/Src/stm32g0xx_hal_spi.o
 .debug_abbrev  0x00003ebe      0x3ec ./Drivers/STM32G0xx_HAL_Driver/Src/stm32g0xx_hal_tim.o
 .debug_abbrev  0x000042aa      0x334 ./Drivers/STM32G0xx_HAL_Driver/Src/stm32g0xx_hal_tim_ex.o
 .debug_abbrev  0x000045de      0x442 ./Drivers/STM32G0xx_HAL_Driver/Src/stm32g0xx_hal_uart.o
 .debug_abbrev  0x00004a20      0x35b ./Drivers/STM32G0xx_HAL_Driver/Src/stm32g0xx_hal_uart_ex.o

.debug_loclists
                0x00000000     0xf469
 .debug_loclists
                0x00000000      0x1d2 ./Core/Src/ads1115.o
 .debug_loclists
                0x000001d2      0x5c3 ./Core/Src/bsp_w5500.o
 .debug_loclists
                0x00000795       0x18 ./Core/Src/flash_config.o
 .debug_loclists
                0x000007ad      0x29f ./Core/Src/hal.o
 .debug_loclists
                0x00000a4c       0x4e ./Core/Src/i2c.o
 .debug_loclists
                0x00000a9a      0x15c ./Core/Src/main.o
 .debug_loclists
                0x00000bf6       0x4d ./Core/Src/spi.o
 .debug_loclists
                0x00000c43       0x4f ./Core/Src/sysmem.o
 .debug_loclists
                0x00000c92       0xa0 ./Core/Src/system_stm32g0xx.o
 .debug_loclists
                0x00000d32       0x46 ./Core/Src/tim.o
 .debug_loclists
                0x00000d78       0x4d ./Core/Src/usart.o
 .debug_loclists
                0x00000dc5      0x11d ./Drivers/STM32G0xx_HAL_Driver/Src/stm32g0xx_hal.o
 .debug_loclists
                0x00000ee2      0x355 ./Drivers/STM32G0xx_HAL_Driver/Src/stm32g0xx_hal_cortex.o
 .debug_loclists
                0x00001237      0x610 ./Drivers/STM32G0xx_HAL_Driver/Src/stm32g0xx_hal_dma.o
 .debug_loclists
                0x00001847      0x37a ./Drivers/STM32G0xx_HAL_Driver/Src/stm32g0xx_hal_flash.o
 .debug_loclists
                0x00001bc1      0x3b7 ./Drivers/STM32G0xx_HAL_Driver/Src/stm32g0xx_hal_flash_ex.o
 .debug_loclists
                0x00001f78      0x283 ./Drivers/STM32G0xx_HAL_Driver/Src/stm32g0xx_hal_gpio.o
 .debug_loclists
                0x000021fb     0x355e ./Drivers/STM32G0xx_HAL_Driver/Src/stm32g0xx_hal_i2c.o
 .debug_loclists
                0x00005759      0x12a ./Drivers/STM32G0xx_HAL_Driver/Src/stm32g0xx_hal_i2c_ex.o
 .debug_loclists
                0x00005883      0x1fe ./Drivers/STM32G0xx_HAL_Driver/Src/stm32g0xx_hal_pwr_ex.o
 .debug_loclists
                0x00005a81      0x4b9 ./Drivers/STM32G0xx_HAL_Driver/Src/stm32g0xx_hal_rcc.o
 .debug_loclists
                0x00005f3a      0x356 ./Drivers/STM32G0xx_HAL_Driver/Src/stm32g0xx_hal_rcc_ex.o
 .debug_loclists
                0x00006290     0x1540 ./Drivers/STM32G0xx_HAL_Driver/Src/stm32g0xx_hal_spi.o
 .debug_loclists
                0x000077d0     0x37b3 ./Drivers/STM32G0xx_HAL_Driver/Src/stm32g0xx_hal_tim.o
 .debug_loclists
                0x0000af83     0x134b ./Drivers/STM32G0xx_HAL_Driver/Src/stm32g0xx_hal_tim_ex.o
 .debug_loclists
                0x0000c2ce     0x29fe ./Drivers/STM32G0xx_HAL_Driver/Src/stm32g0xx_hal_uart.o
 .debug_loclists
                0x0000eccc      0x79d ./Drivers/STM32G0xx_HAL_Driver/Src/stm32g0xx_hal_uart_ex.o

.debug_aranges  0x00000000     0x1588
 .debug_aranges
                0x00000000       0x50 ./Core/Src/ads1115.o
 .debug_aranges
                0x00000050       0x90 ./Core/Src/bsp_w5500.o
 .debug_aranges
                0x000000e0       0x28 ./Core/Src/flash_config.o
 .debug_aranges
                0x00000108       0x20 ./Core/Src/gpio.o
 .debug_aranges
                0x00000128       0x88 ./Core/Src/hal.o
 .debug_aranges
                0x000001b0       0x30 ./Core/Src/i2c.o
 .debug_aranges
                0x000001e0       0x70 ./Core/Src/main.o
 .debug_aranges
                0x00000250       0x30 ./Core/Src/spi.o
 .debug_aranges
                0x00000280       0x20 ./Core/Src/stm32g0xx_hal_msp.o
 .debug_aranges
                0x000002a0       0x50 ./Core/Src/stm32g0xx_it.o
 .debug_aranges
                0x000002f0       0x20 ./Core/Src/sysmem.o
 .debug_aranges
                0x00000310       0x28 ./Core/Src/system_stm32g0xx.o
 .debug_aranges
                0x00000338       0x30 ./Core/Src/tim.o
 .debug_aranges
                0x00000368       0x30 ./Core/Src/usart.o
 .debug_aranges
                0x00000398       0x28 ./Core/Startup/startup_stm32g030f6px.o
 .debug_aranges
                0x000003c0      0x100 ./Drivers/STM32G0xx_HAL_Driver/Src/stm32g0xx_hal.o
 .debug_aranges
                0x000004c0       0xa0 ./Drivers/STM32G0xx_HAL_Driver/Src/stm32g0xx_hal_cortex.o
 .debug_aranges
                0x00000560       0x88 ./Drivers/STM32G0xx_HAL_Driver/Src/stm32g0xx_hal_dma.o
 .debug_aranges
                0x000005e8       0x80 ./Drivers/STM32G0xx_HAL_Driver/Src/stm32g0xx_hal_flash.o
 .debug_aranges
                0x00000668       0x58 ./Drivers/STM32G0xx_HAL_Driver/Src/stm32g0xx_hal_flash_ex.o
 .debug_aranges
                0x000006c0       0x60 ./Drivers/STM32G0xx_HAL_Driver/Src/stm32g0xx_hal_gpio.o
 .debug_aranges
                0x00000720      0x290 ./Drivers/STM32G0xx_HAL_Driver/Src/stm32g0xx_hal_i2c.o
 .debug_aranges
                0x000009b0       0x48 ./Drivers/STM32G0xx_HAL_Driver/Src/stm32g0xx_hal_i2c_ex.o
 .debug_aranges
                0x000009f8       0x98 ./Drivers/STM32G0xx_HAL_Driver/Src/stm32g0xx_hal_pwr_ex.o
 .debug_aranges
                0x00000a90       0x98 ./Drivers/STM32G0xx_HAL_Driver/Src/stm32g0xx_hal_rcc.o
 .debug_aranges
                0x00000b28       0x40 ./Drivers/STM32G0xx_HAL_Driver/Src/stm32g0xx_hal_rcc_ex.o
 .debug_aranges
                0x00000b68      0x1d8 ./Drivers/STM32G0xx_HAL_Driver/Src/stm32g0xx_hal_spi.o
 .debug_aranges
                0x00000d40      0x3c8 ./Drivers/STM32G0xx_HAL_Driver/Src/stm32g0xx_hal_tim.o
 .debug_aranges
                0x00001108      0x198 ./Drivers/STM32G0xx_HAL_Driver/Src/stm32g0xx_hal_tim_ex.o
 .debug_aranges
                0x000012a0      0x248 ./Drivers/STM32G0xx_HAL_Driver/Src/stm32g0xx_hal_uart.o
 .debug_aranges
                0x000014e8       0xa0 ./Drivers/STM32G0xx_HAL_Driver/Src/stm32g0xx_hal_uart_ex.o

.debug_rnglists
                0x00000000     0x1543
 .debug_rnglists
                0x00000000       0x37 ./Core/Src/ads1115.o
 .debug_rnglists
                0x00000037       0x68 ./Core/Src/bsp_w5500.o
 .debug_rnglists
                0x0000009f       0x1a ./Core/Src/flash_config.o
 .debug_rnglists
                0x000000b9       0x3b ./Core/Src/gpio.o
 .debug_rnglists
                0x000000f4       0x61 ./Core/Src/hal.o
 .debug_rnglists
                0x00000155       0x2f ./Core/Src/i2c.o
 .debug_rnglists
                0x00000184       0x7d ./Core/Src/main.o
 .debug_rnglists
                0x00000201       0x3d ./Core/Src/spi.o
 .debug_rnglists
                0x0000023e       0x2e ./Core/Src/stm32g0xx_hal_msp.o
 .debug_rnglists
                0x0000026c       0x37 ./Core/Src/stm32g0xx_it.o
 .debug_rnglists
                0x000002a3       0x13 ./Core/Src/sysmem.o
 .debug_rnglists
                0x000002b6       0x1a ./Core/Src/system_stm32g0xx.o
 .debug_rnglists
                0x000002d0       0x31 ./Core/Src/tim.o
 .debug_rnglists
                0x00000301       0x3a ./Core/Src/usart.o
 .debug_rnglists
                0x0000033b       0x19 ./Core/Startup/startup_stm32g030f6px.o
 .debug_rnglists
                0x00000354       0xbb ./Drivers/STM32G0xx_HAL_Driver/Src/stm32g0xx_hal.o
 .debug_rnglists
                0x0000040f       0xa3 ./Drivers/STM32G0xx_HAL_Driver/Src/stm32g0xx_hal_cortex.o
 .debug_rnglists
                0x000004b2       0x72 ./Drivers/STM32G0xx_HAL_Driver/Src/stm32g0xx_hal_dma.o
 .debug_rnglists
                0x00000524       0x5c ./Drivers/STM32G0xx_HAL_Driver/Src/stm32g0xx_hal_flash.o
 .debug_rnglists
                0x00000580       0x94 ./Drivers/STM32G0xx_HAL_Driver/Src/stm32g0xx_hal_flash_ex.o
 .debug_rnglists
                0x00000614       0x45 ./Drivers/STM32G0xx_HAL_Driver/Src/stm32g0xx_hal_gpio.o
 .debug_rnglists
                0x00000659      0x256 ./Drivers/STM32G0xx_HAL_Driver/Src/stm32g0xx_hal_i2c.o
 .debug_rnglists
                0x000008af       0x4f ./Drivers/STM32G0xx_HAL_Driver/Src/stm32g0xx_hal_i2c_ex.o
 .debug_rnglists
                0x000008fe       0x6d ./Drivers/STM32G0xx_HAL_Driver/Src/stm32g0xx_hal_pwr_ex.o
 .debug_rnglists
                0x0000096b       0x96 ./Drivers/STM32G0xx_HAL_Driver/Src/stm32g0xx_hal_rcc.o
 .debug_rnglists
                0x00000a01       0x6f ./Drivers/STM32G0xx_HAL_Driver/Src/stm32g0xx_hal_rcc_ex.o
 .debug_rnglists
                0x00000a70      0x1da ./Drivers/STM32G0xx_HAL_Driver/Src/stm32g0xx_hal_spi.o
 .debug_rnglists
                0x00000c4a      0x3e3 ./Drivers/STM32G0xx_HAL_Driver/Src/stm32g0xx_hal_tim.o
 .debug_rnglists
                0x0000102d      0x139 ./Drivers/STM32G0xx_HAL_Driver/Src/stm32g0xx_hal_tim_ex.o
 .debug_rnglists
                0x00001166      0x337 ./Drivers/STM32G0xx_HAL_Driver/Src/stm32g0xx_hal_uart.o
 .debug_rnglists
                0x0000149d       0xa6 ./Drivers/STM32G0xx_HAL_Driver/Src/stm32g0xx_hal_uart_ex.o

.debug_macro    0x00000000    0x19ae3
 .debug_macro   0x00000000      0x369 ./Core/Src/ads1115.o
 .debug_macro   0x00000369      0xab4 ./Core/Src/ads1115.o
 .debug_macro   0x00000e1d       0x22 ./Core/Src/ads1115.o
 .debug_macro   0x00000e3f       0x22 ./Core/Src/ads1115.o
 .debug_macro   0x00000e61       0x8e ./Core/Src/ads1115.o
 .debug_macro   0x00000eef       0x51 ./Core/Src/ads1115.o
 .debug_macro   0x00000f40      0x103 ./Core/Src/ads1115.o
 .debug_macro   0x00001043       0x6a ./Core/Src/ads1115.o
 .debug_macro   0x000010ad      0x1df ./Core/Src/ads1115.o
 .debug_macro   0x0000128c      0x129 ./Core/Src/ads1115.o
 .debug_macro   0x000013b5       0x2e ./Core/Src/ads1115.o
 .debug_macro   0x000013e3       0x28 ./Core/Src/ads1115.o
 .debug_macro   0x0000140b       0x1c ./Core/Src/ads1115.o
 .debug_macro   0x00001427       0x22 ./Core/Src/ads1115.o
 .debug_macro   0x00001449       0xd1 ./Core/Src/ads1115.o
 .debug_macro   0x0000151a      0x4da ./Core/Src/ads1115.o
 .debug_macro   0x000019f4      0x11f ./Core/Src/ads1115.o
 .debug_macro   0x00001b13     0xa120 ./Core/Src/ads1115.o
 .debug_macro   0x0000bc33       0x66 ./Core/Src/ads1115.o
 .debug_macro   0x0000bc99     0x3512 ./Core/Src/ads1115.o
 .debug_macro   0x0000f1ab      0x190 ./Core/Src/ads1115.o
 .debug_macro   0x0000f33b       0x5c ./Core/Src/ads1115.o
 .debug_macro   0x0000f397      0x462 ./Core/Src/ads1115.o
 .debug_macro   0x0000f7f9      0xe1a ./Core/Src/ads1115.o
 .debug_macro   0x00010613      0x106 ./Core/Src/ads1115.o
 .debug_macro   0x00010719      0x1cf ./Core/Src/ads1115.o
 .debug_macro   0x000108e8       0xff ./Core/Src/ads1115.o
 .debug_macro   0x000109e7      0x33c ./Core/Src/ads1115.o
 .debug_macro   0x00010d23      0x202 ./Core/Src/ads1115.o
 .debug_macro   0x00010f25      0x2c7 ./Core/Src/ads1115.o
 .debug_macro   0x000111ec      0x198 ./Core/Src/ads1115.o
 .debug_macro   0x00011384       0x43 ./Core/Src/ads1115.o
 .debug_macro   0x000113c7      0x1f1 ./Core/Src/ads1115.o
 .debug_macro   0x000115b8      0x1d6 ./Core/Src/ads1115.o
 .debug_macro   0x0001178e      0x2a3 ./Core/Src/ads1115.o
 .debug_macro   0x00011a31       0x28 ./Core/Src/ads1115.o
 .debug_macro   0x00011a59       0xcf ./Core/Src/ads1115.o
 .debug_macro   0x00011b28      0x22c ./Core/Src/ads1115.o
 .debug_macro   0x00011d54       0x67 ./Core/Src/ads1115.o
 .debug_macro   0x00011dbb       0xa5 ./Core/Src/ads1115.o
 .debug_macro   0x00011e60       0xff ./Core/Src/ads1115.o
 .debug_macro   0x00011f5f      0x10d ./Core/Src/ads1115.o
 .debug_macro   0x0001206c      0x305 ./Core/Src/ads1115.o
 .debug_macro   0x00012371      0xac2 ./Core/Src/ads1115.o
 .debug_macro   0x00012e33       0xfa ./Core/Src/ads1115.o
 .debug_macro   0x00012f2d      0x693 ./Core/Src/ads1115.o
 .debug_macro   0x000135c0       0xa6 ./Core/Src/ads1115.o
 .debug_macro   0x00013666      0x412 ./Core/Src/ads1115.o
 .debug_macro   0x00013a78      0x352 ./Core/Src/ads1115.o
 .debug_macro   0x00013dca       0x16 ./Core/Src/ads1115.o
 .debug_macro   0x00013de0       0x61 ./Core/Src/ads1115.o
 .debug_macro   0x00013e41       0x24 ./Core/Src/ads1115.o
 .debug_macro   0x00013e65       0x43 ./Core/Src/ads1115.o
 .debug_macro   0x00013ea8       0x34 ./Core/Src/ads1115.o
 .debug_macro   0x00013edc       0x16 ./Core/Src/ads1115.o
 .debug_macro   0x00013ef2       0x3c ./Core/Src/ads1115.o
 .debug_macro   0x00013f2e      0x370 ./Core/Src/ads1115.o
 .debug_macro   0x0001429e       0x10 ./Core/Src/ads1115.o