../Core/Src/ads1115.c:31:6:ADS1115_SetPGA	0	static
../Core/Src/ads1115.c:40:15:ADS1115_GetPGA	0	static
../Core/Src/ads1115.c:68:9:readChannelData	16	static
../Core/Src/ads1115.c:126:6:ADS1115_Start_Conversion	16	static
../Core/Src/ads1115.c:169:9:ADS1115_Read_Result	16	static
../Core/Src/ads1115.c:186:6:writeSingleRegister	24	static
../Core/Src/ads1115.c:211:6:writeSingleRegisterNoRead	24	static
../Core/Src/ads1115.c:228:10:readSingleRegister	24	static
../Core/Src/ads1115.c:244:6:resetDevice	16	static
../Core/Src/ads1115.c:48:6:adcStartup	8	static
../Core/Src/ads1115.c:255:10:getRegisterValue	0	static
