../Core/Src/app_hardware.c:53:6:Hardware_Set_TX_Freq	40	static
../Core/Src/app_hardware.c:107:6:Hardware_Set_TX_PWM	8	static
../Core/Src/app_hardware.c:118:6:Hardware_TX_Start	0	static
../Core/Src/app_hardware.c:143:6:Hardware_Update_LED	40	static
../Core/Src/app_hardware.c:195:6:Hardware_Set_PreGain	0	static
../Core/Src/app_hardware.c:124:6:Hardware_Apply_Params	8	static
../Core/Src/app_hardware.c:221:6:Storage_Save_Params	8	static
../Core/Src/app_hardware.c:252:6:Storage_Init_And_Load	16	static
