../Core/Src/bsp_w5500.c:26:15:W5500_SPI_ReadWriteByte	32	static
../Core/Src/bsp_w5500.c:37:6:W5500_SPI_Send_Short	8	static
../Core/Src/bsp_w5500.c:63:6:Write_W5500_1Byte	16	static
../Core/Src/bsp_w5500.c:75:6:Write_W5500_2Byte	16	static
../Core/Src/bsp_w5500.c:88:15:Read_W5500_SOCK_1Byte	16	static
../Core/Src/bsp_w5500.c:102:6:Write_W5500_nByte	16	static
../Core/Src/bsp_w5500.c:118:6:Write_W5500_SOCK_1Byte	24	static
../Core/Src/bsp_w5500.c:130:6:Write_W5500_SOCK_2Byte	24	static
../Core/Src/bsp_w5500.c:142:6:Write_W5500_SOCK_4Byte	24	static
../Core/Src/bsp_w5500.c:157:15:Read_W5500_1Byte	16	static
../Core/Src/bsp_w5500.c:46:6:W5500_Hardware_Reset	8	static
../Core/Src/bsp_w5500.c:171:16:Read_W5500_SOCK_2Byte	16	static
../Core/Src/bsp_w5500.c:187:6:W5500_Init	16	static
../Core/Src/bsp_w5500.c:217:6:Socket_Init	8	static
../Core/Src/bsp_w5500.c:232:15:Socket_UDP	8	static
../Core/Src/bsp_w5500.c:253:6:Write_SOCK_Data_Buffer	40	static
../Core/Src/bsp_w5500.c:296:16:Read_SOCK_Data_Buffer	40	static
