../Core/Src/hal.c:36:6:delay_ms	8	static
../Core/Src/hal.c:46:6:delay_us	8	static,ignoring_inline_asm
../Core/Src/hal.c:67:8:sendI2CData	24	static
../Core/Src/hal.c:84:8:receiveI2CData	24	static
../Core/Src/hal.c:101:8:sendI2CRegPointer	24	static
../Core/Src/hal.c:118:8:receiveI2CDataNoWrite	16	static
../Core/Src/hal.c:144:6:InitADC	0	static
../Core/Src/hal.c:145:6:InitGPIO	0	static
../Core/Src/hal.c:146:6:InitI2C	0	static
../Core/Src/hal.c:151:6:getALERTinterruptStatus	0	static
../Core/Src/hal.c:158:6:setALERTinterruptStatus	0	static
../Core/Src/hal.c:166:6:GPIO_ALERT_IRQHandler	0	static
../Core/Src/hal.c:174:6:enableALERTinterrupt	0	static
../Core/Src/hal.c:181:6:waitForALERTinterrupt	0	static
