../Drivers/CMSIS/Include/core_cm0plus.h:985:34:__NVIC_SystemReset	1
../Core/Src/main.c:96:6:Uart_Send_String	1
../Core/Src/main.c:103:6:Print_Current_Config	1
../Core/Src/main.c:183:7:Process_Uart_Command	2
../Core/Src/main.c:150:7:HAL_UART_RxCpltCallback	6
../Core/Src/main.c:246:6:Generate_MAC_From_UID	1
../Core/Src/main.c:268:9:Calc_Checksum	2
../Core/Src/main.c:534:6:SystemClock_Config	3
../Core/Src/main.c:283:5:main	18
../Core/Src/main.c:576:6:HAL_TIM_PeriodElapsedCallback	2
../Core/Src/main.c:591:6:Error_Handler	1
