../Drivers/CMSIS/Include/core_cm0plus.h:985:34:__NVIC_SystemReset	1
../Core/Src/main.c:94:6:Uart_Send_String	1
../Core/Src/main.c:101:6:Print_Current_Config	1
../Core/Src/main.c:181:7:Process_Uart_Command	2
../Core/Src/main.c:148:7:HAL_UART_RxCpltCallback	6
../Core/Src/main.c:244:6:Generate_MAC_From_UID	1
../Core/Src/main.c:266:9:Calc_Checksum	2
../Core/Src/main.c:391:6:SystemClock_Config	3
../Core/Src/main.c:281:5:main	3
../Core/Src/main.c:433:6:HAL_TIM_PeriodElapsedCallback	2
../Core/Src/main.c:448:6:Error_Handler	1
