../Drivers/CMSIS/Include/core_cm0plus.h:985:34:__NVIC_SystemReset	0	static,ignoring_inline_asm
../Core/Src/main.c:96:6:Uart_Send_String	8	static
../Core/Src/main.c:103:6:Print_Current_Config	288	static
../Core/Src/main.c:183:7:Process_Uart_Command	48	static
../Core/Src/main.c:150:7:HAL_UART_RxCpltCallback	16	static
../Core/Src/main.c:246:6:Generate_MAC_From_UID	0	static
../Core/Src/main.c:268:9:Calc_Checksum	8	static
../Core/Src/main.c:560:6:SystemClock_Config	80	static,ignoring_inline_asm
../Core/Src/main.c:283:5:main	40	static
../Core/Src/main.c:602:6:HAL_TIM_PeriodElapsedCallback	0	static
../Core/Src/main.c:617:6:Error_Handler	0	static,ignoring_inline_asm
